{"posts": [{"thread": {"uuid": "beb59aef4b3094a3643a80229626c74a58d49db9", "url": "http://omgili.com/ri/.wHSUbtEfZTK9tbdQ_2Ov5x0JjBZKZG1CW6MPn31sk0OhzDKdK3454t4lzwiybrCyGYuLC.DzG4-", "site_full": "forum.odroid.com", "site": "odroid.com", "site_section": "https://forum.odroid.com/viewforum.php?f=99", "site_categories": ["non_standard_content", "adult"], "section_title": "ODROID \u2022 View forum - Issues", "title": "Kernel 4.14 release for XU4/XU3/HC1/MC1", "title_full": "ODROID \u2022 View topic - Kernel 4.14 release for XU4/XU3/HC1/MC1", "published": "2017-11-02T04:53:00.000+02:00", "replies_count": 47, "participants_count": 20, "site_type": "discussions", "country": "KR", "spam_score": 0.0, "main_image": "", "performance_score": 0, "domain_rank": 70494, "social": {"facebook": {"likes": 0, "comments": 0, "shares": 0}, "gplus": {"shares": 0}, "pinterest": {"shares": 0}, "linkedin": {"shares": 0}, "stumbledupon": {"shares": 0}, "vk": {"shares": 0}}}, "uuid": "2538ac5fdd7503f97c6b0d438a6aaf43860f14e1", "url": "http://omgili.com/ri/.wHSUbtEfZTK9tbdQ_2Ov5x0JjBZKZG1CW6MPn31sk0OhzDKdK3454t4lzwiybrCLVQ3Elh2ZFgouOuSTcxD6g--", "ord_in_thread": 31, "author": "memeka", "published": "2017-11-28T10:26:00.000+02:00", "title": "", "text": "Quote: : @memeka,\nDid you test it on X11? or fbdev?", "highlightText": "", "highlightTitle": "", "language": "english", "external_links": [], "entities": {"persons": [], "organizations": [], "locations": []}, "rating": null, "crawled": "2017-12-07T12:06:14.005+02:00"}, {"thread": {"uuid": "beb59aef4b3094a3643a80229626c74a58d49db9", "url": "http://omgili.com/ri/.wHSUbtEfZTK9tbdQ_2Ov5x0JjBZKZG1CW6MPn31sk0OhzDKdK3454t4lzwiybrCyGYuLC.DzG4-", "site_full": "forum.odroid.com", "site": "odroid.com", "site_section": "https://forum.odroid.com/viewforum.php?f=99", "site_categories": ["non_standard_content", "adult"], "section_title": "ODROID \u2022 View forum - Issues", "title": "Kernel 4.14 release for XU4/XU3/HC1/MC1", "title_full": "ODROID \u2022 View topic - Kernel 4.14 release for XU4/XU3/HC1/MC1", "published": "2017-11-02T04:53:00.000+02:00", "replies_count": 47, "participants_count": 20, "site_type": "discussions", "country": "KR", "spam_score": 0.0, "main_image": "", "performance_score": 0, "domain_rank": 70494, "social": {"facebook": {"likes": 0, "comments": 0, "shares": 0}, "gplus": {"shares": 0}, "pinterest": {"shares": 0}, "linkedin": {"shares": 0}, "stumbledupon": {"shares": 0}, "vk": {"shares": 0}}}, "uuid": "2a35de955e0f31a85cc8af99990d6d6aeb972944", "url": "http://omgili.com/ri/.wHSUbtEfZTK9tbdQ_2Ov5x0JjBZKZG1CW6MPn31sk0OhzDKdK3454t4lzwiybrCLVQ3Elh2ZFi_aOq0Q_o9.w--", "ord_in_thread": 24, "author": "memeka", "published": "2017-11-28T02:06:00.000+02:00", "title": "", "text": "More of Ubuntu 17.10 + kernel 4.14", "highlightText": "", "highlightTitle": "", "language": "english", "external_links": [], "entities": {"persons": [], "organizations": [], "locations": []}, "rating": null, "crawled": "2017-12-07T12:06:14.005+02:00"}, {"thread": {"uuid": "beb59aef4b3094a3643a80229626c74a58d49db9", "url": "http://omgili.com/ri/.wHSUbtEfZTK9tbdQ_2Ov5x0JjBZKZG1CW6MPn31sk0OhzDKdK3454t4lzwiybrCyGYuLC.DzG4-", "site_full": "forum.odroid.com", "site": "odroid.com", "site_section": "https://forum.odroid.com/viewforum.php?f=99", "site_categories": ["non_standard_content", "adult"], "section_title": "ODROID \u2022 View forum - Issues", "title": "Kernel 4.14 release for XU4/XU3/HC1/MC1", "title_full": "ODROID \u2022 View topic - Kernel 4.14 release for XU4/XU3/HC1/MC1", "published": "2017-11-02T04:53:00.000+02:00", "replies_count": 47, "participants_count": 20, "site_type": "discussions", "country": "KR", "spam_score": 0.0, "main_image": "", "performance_score": 0, "domain_rank": 70494, "social": {"facebook": {"likes": 0, "comments": 0, "shares": 0}, "gplus": {"shares": 0}, "pinterest": {"shares": 0}, "linkedin": {"shares": 0}, "stumbledupon": {"shares": 0}, "vk": {"shares": 0}}}, "uuid": "cca6feae85337292dab032b97f57b3cc22c86d7a", "url": "http://omgili.com/ri/.wHSUbtEfZTK9tbdQ_2Ov5x0JjBZKZG1CW6MPn31sk0OhzDKdK3454t4lzwiybrCLVQ3Elh2ZFgQAOK5zR8eEA--", "ord_in_thread": 35, "author": "odroid", "published": "2017-11-30T02:16:00.000+02:00", "title": "", "text": "@Marcy82\nPost a full boot log.\nDo you use SD card? or eMMC?", "highlightText": "", "highlightTitle": "", "language": "english", "external_links": [], "entities": {"persons": [], "organizations": [], "locations": []}, "rating": null, "crawled": "2017-12-07T12:06:14.005+02:00"}, {"thread": {"uuid": "beb59aef4b3094a3643a80229626c74a58d49db9", "url": "http://omgili.com/ri/.wHSUbtEfZTK9tbdQ_2Ov5x0JjBZKZG1CW6MPn31sk0OhzDKdK3454t4lzwiybrCyGYuLC.DzG4-", "site_full": "forum.odroid.com", "site": "odroid.com", "site_section": "https://forum.odroid.com/viewforum.php?f=99", "site_categories": ["non_standard_content", "adult"], "section_title": "ODROID \u2022 View forum - Issues", "title": "Kernel 4.14 release for XU4/XU3/HC1/MC1", "title_full": "ODROID \u2022 View topic - Kernel 4.14 release for XU4/XU3/HC1/MC1", "published": "2017-11-02T04:53:00.000+02:00", "replies_count": 47, "participants_count": 20, "site_type": "discussions", "country": "KR", "spam_score": 0.0, "main_image": "", "performance_score": 0, "domain_rank": 70494, "social": {"facebook": {"likes": 0, "comments": 0, "shares": 0}, "gplus": {"shares": 0}, "pinterest": {"shares": 0}, "linkedin": {"shares": 0}, "stumbledupon": {"shares": 0}, "vk": {"shares": 0}}}, "uuid": "a4a409fb2915cb4aae68e454eeca719b057309db", "url": "http://omgili.com/ri/.wHSUbtEfZTK9tbdQ_2Ov5x0JjBZKZG1CW6MPn31sk0OhzDKdK3454t4lzwiybrCDbuLZ5o3kCm3s7PSQUgguQ--", "ord_in_thread": 36, "author": "Marcy82", "published": "2017-11-30T18:49:00.000+02:00", "title": "", "text": "I'm booting from eMMC, two USB3 disks as raid1 for data storage, a microSD as additional data partition, and LAN connection (Gigabit). No other hardware connected.\nHere is the full output of dmesg:\nCode: Select all [ 0. ] Booting Linux on physical CPU 0x100\n[ 0. ] Linux version 4.14.0-83 (root@1604_builder_armhf) (gcc version 4.9.4 (Ubuntu/Linaro 4.9.4-2ubuntu1~16.04)) #1 SMP PREEMPT Thu Nov 23 14:07:46 UTC 2017\n[ 0. ] CPU: ARMv7 Processor [410fc073] revision 3 (ARMv7), cr=30c5387d\n[ 0. ] CPU: div instructions available: patching division code\n[ 0. ] CPU: PIPT / VIPT nonaliasing data cache, VIPT aliasing instruction cache\n[ 0. ] OF: fdt: Machine model: Hardkernel Odroid XU4\n[ 0. ] Memory policy: Data cache writealloc\n[ 0. ] cma: Reserved 128 MiB at 0x b68\n[ 0. ] Samsung CPU ID: 0xe5422001\n[ 0. ] On node 0 totalpages: 518656\n[ 0. ] free_area_init_node: node 0, pgdat c1096080, node_mem_map eee25000\n[ 0. ] Normal zone: 1728 pages used for memmap\n[ 0. ] Normal zone: 0 pages reserved\n[ 0. ] Normal zone: 196608 pages, LIFO batch:31\n[ 0. ] HighMem zone: 322048 pages, LIFO batch:31\n[ 0. ] Running under secure firmware.\n[ 0. ] random: fast init done\n[ 0. ] percpu: Embedded 18 pages/cpu @eed5e000 s41356 r8192 d24180 u73728\n[ 0. ] pcpu-alloc: s41356 r8192 d24180 u73728 alloc=18*4096\n[ 0. ] pcpu-alloc: [0] 0 [0] 1 [0] 2 [0] 3 [0] 4 [0] 5 [0] 6 [0] 7\n[ 0. ] Built 1 zonelists, mobility grouping on. Total pages: 516928\n[ 0. ] Kernel command line: console=tty1 console=ttySAC2,115200n8 root=UUID=e139ce78-9841-40fe-8823-96a304a09859 rootwait ro fsck.repair=yes net.ifnames=0 HPD=true vout=hdmi usbhid.quirks=0x0eef:0x0005:0x0004 smsc95xx.macaddr=00:1e:06:61:7a:39 false governor=performance s5p_mfc.mem=16M\n[ 0. ] hdmi: using HDMI mode\n[ 0. ] PID hash table entries: 4096 (order: 2, 16384 bytes)\n[ 0. ] Dentry cache hash table entries: 131072 (order: 7, 524288 bytes)\n[ 0. ] Inode-cache hash table entries: 65536 (order: 6, 262144 bytes)\n[ 0. ] Memory: 1901680K/2074624K available (8192K kernel code, 684K rwdata, 2388K rodata, 2048K init, 331K bss, 41872K reserved, 131072K cma-reserved, 1157120K highmem)\n[ 0. ] Virtual kernel memory layout:\n vector : 0xffff0000 - 0xffff1000 ( 4 kB)\n fixmap : 0xffc - 0xfff (3072 kB)\n vmalloc : 0xf08 - 0xff8 ( 240 MB)\n lowmem : 0xc - 0xf ( 768 MB)\n pkmap : 0xbfe - 0xc ( 2 MB)\n modules : 0xbf - 0xbfe ( 14 MB)\n .text : 0xc0008000 - 0xc0a (10208 kB)\n .init : 0xc0e - 0xc1 (2048 kB)\n .data : 0xc1 - 0xc10ab330 ( 685 kB)\n .bss : 0xc10b34bc - 0xc110647c ( 332 kB)\n[ 0. ] SLUB: HWalign=64, Order=0-3, MinObjects=0, CPUs=8, Nodes=1\n[ 0. ] hperf_hmp: fast CPUs mask: F0\n[ 0. ] hperf_hmp: slow CPUs mask: F\n[ 0. ] Preemptible hierarchical RCU implementation.\n[ 0. ] Tasks RCU enabled.\n[ 0. ] NR_IRQS: 16, nr_irqs: 16, preallocated irqs: 16\n[ 0. ] GIC: Using split EOI/Deactivate mode\n[ 0. ] Switching to timer-based delay loop, resolution 41ns\n[ 0. ] clocksource: mct-frc: mask: 0x max_cycles: 0x , max_idle_ns: 79635851949 ns\n[ 0. 7] sched_clock: 32 bits at 24MHz, resolution 41ns, wraps every 89478484971ns\n[ 0.000030] genirq: irq_chip COMBINER did not update eff. affinity mask of irq 49\n[ 0.001598] Console: colour dummy device 80x30\n[ 0.002248] console [tty1] enabled\n[ 0.002290] Calibrating delay loop (skipped), value calculated using timer frequency.. 48.00 BogoMIPS (lpj=96000)\n[ 0.002329] pid_max: default: 32768 minimum: 301\n[ 0.002521] Mount-cache hash table entries: 2048 (order: 1, 8192 bytes)\n[ 0.002558] Mountpoint-cache hash table entries: 2048 (order: 1, 8192 bytes)\n[ 0.003414] CPU: Testing write buffer coherency: ok\n[ 0.004304] CPU0: thread -1, cpu 0, socket 1, mpidr 80000100\n[ 0.020036] Setting up static identity map for 0x402 - 0x40200060\n[ 0.020651] ARM CCI driver probed\n[ 0.020893] Exynos MCPM support installed\n[ 0.027988] Hierarchical SRCU implementation.\n[ 0.043986] smp: Bringing up secondary CPUs ...\n[ 0.072364] CPU1: thread -1, cpu 1, socket 1, mpidr 80000101\n[ 0.096324] CPU2: thread -1, cpu 2, socket 1, mpidr 80000102\n[ 0.124314] CPU3: thread -1, cpu 3, socket 1, mpidr 80000103\n[ 0.152351] CPU4: thread -1, cpu 0, socket 0, mpidr 8\n[ 0.172348] CPU5: thread -1, cpu 1, socket 0, mpidr 8 1\n[ 0.180639] CPU6: thread -1, cpu 2, socket 0, mpidr 8 2\n[ 0.188626] CPU7: thread -1, cpu 3, socket 0, mpidr 8 3\n[ 0.188778] smp: Brought up 1 node, 8 CPUs\n[ 0.188924] SMP: Total of 8 processors activated (384.00 BogoMIPS).\n[ 0.188946] CPU: All CPU(s) started in HYP mode.\n[ 0.188964] CPU: Virtualization extensions available.\n[ 0.190224] devtmpfs: initialized\n[ 0.207408] VFP support v0.3: implementor 41 architecture 4 part 30 variant f rev 0\n[ 0.207571] hperf_hmp: registered cpufreq transition notifier\n[ 0.207760] clocksource: jiffies: mask: 0x max_cycles: 0x , max_idle_ns: 76450417851 ns\n[ 0.207796] futex hash table entries: 2048 (order: 5, 131072 bytes)\n[ 0.210527] pinctrl core: initialized pinctrl subsystem\n[ 0.212542] NET: Registered protocol family 16\n[ 0.218442] DMA: preallocated 1024 KiB pool for atomic coherent allocations\n[ 0.224413] cpuidle: using governor menu\n[ 0.225260] hw-breakpoint: found 5 (+1 reserved) breakpoint and 4 watchpoint registers.\n[ 0.225288] hw-breakpoint: maximum watchpoint size is 8 bytes.\n[ 0.233814] exynos-audss-clk 3810000.audss-clock-controller: epll 180633609\n[ 0.257078] EXYNOS5420 PMU initialized\n[ 0.304946] HugeTLB registered 2.00 MiB page size, pre-allocated 0 pages\n[ 0.307289] SCSI subsystem initialized\n[ 0.307496] usbcore: registered new interface driver usbfs\n[ 0.307561] usbcore: registered new interface driver hub\n[ 0.307713] usbcore: registered new device driver usb\n[ 0.308197] i2c-gpio soc:i2c-hdmi: using pins 177 (SDA) and 178 (SCL)\n[ 0.308804] s3c-i2c 12c70000.i2c: slave address 0x00\n[ 0.308831] s3c-i2c 12c70000.i2c: bus frequency set to 378 KHz\n[ 0.309054] s3c-i2c 12c70000.i2c: i2c-1: S3C I2C adapter\n[ 0.309543] media: Linux media interface: v0.10\n[ 0.309593] Linux video capture interface: v2.00\n[ 0.309897] s3c2410-wdt 101d0000.watchdog: watchdog inactive, reset disabled, irq disabled\n[ 0.310722] Advanced Linux Sound Architecture Driver Initialized.\n[ 0.312016] clocksource: Switched to clocksource mct-frc\n[ 0.372299] VFS: Disk quotas dquot_6.6.0\n[ 0.372391] VFS: Dquot-cache hash table entries: 1024 (order 0, 4096 bytes)\n[ 0.386286] NET: Registered protocol family 2\n[ 0.386876] TCP established hash table entries: 8192 (order: 3, 32768 bytes)\n[ 0.386968] TCP bind hash table entries: 8192 (order: 4, 65536 bytes)\n[ 0.387136] TCP: Hash tables configured (established 8192 bind 8192)\n[ 0.387250] UDP hash table entries: 512 (order: 2, 16384 bytes)\n[ 0.387301] UDP-Lite hash table entries: 512 (order: 2, 16384 bytes)\n[ 0.387517] NET: Registered protocol family 1\n[ 0.388242] RPC: Registered named UNIX socket transport module.\n[ 0.388265] RPC: Registered udp transport module.\n[ 0.388283] RPC: Registered tcp transport module.\n[ 0.388301] RPC: Registered tcp NFSv4.1 backchannel transport module.\n[ 0.388501] Trying to unpack rootfs image as initramfs...\n[ 0.784570] Freeing initrd memory: 6536K\n[ 0.786044] hw perfevents: enabled with armv7_cortex_a7 PMU driver, 5 counters available\n[ 0.787015] hw perfevents: enabled with armv7_cortex_a15 PMU driver, 7 counters available\n[ 0.790537] audit: initializing netlink subsys (disabled)\n[ 0.790764] audit: type=2000 audit(0.788:1): state=initialized audit_enabled=0 res=1\n[ 0.791500] workingset: timestamp_bits=14 max_order=19 bucket_order=5\n[ 0.799000] squashfs: version 4.0 (2009/01/31) Phillip Lougher\n[ 0.799930] NFS: Registering the id_resolver key type\n[ 0.799972] Key type id_resolver registered\n[ 0.799991] Key type id_legacy registered\n[ 0.800115] nfs4filelayout_init: NFSv4 File Layout Driver Registering...\n[ 0.800168] romfs: ROMFS MTD (C) 2007 Red Hat, Inc.\n[ 0.804446] bounce: pool size: 64 pages\n[ 0.804511] Block layer SCSI generic (bsg) driver version 0.4 loaded (major 247)\n[ 0.804734] io scheduler noop registered\n[ 0.804757] io scheduler deadline registered\n[ 0.805021] io scheduler cfq registered (default)\n[ 0.805042] io scheduler mq-deadline registered\n[ 0.805061] io scheduler kyber registered\n[ 0.807103] samsung-usb2-phy 12130000.phy: 12130000.phy supply vbus not found, using dummy regulator\n[ 0.808147] exynos5_usb3drd_phy 121 .phy: 121 .phy supply vbus not found, using dummy regulator\n[ 0.808245] exynos5_usb3drd_phy 121 .phy: 121 .phy supply vbus-boost not found, using dummy regulator\n[ 0.808620] exynos5_usb3drd_phy 125 .phy: 125 .phy supply vbus not found, using dummy regulator\n[ 0.808703] exynos5_usb3drd_phy 125 .phy: 125 .phy supply vbus-boost not found, using dummy regulator\n[ 0.813810] dma-pl330 3880000.adma: Loaded driver for PL330 DMAC-241330\n[ 0.813839] dma-pl330 3880000.adma: DBUFF-4x8bytes Num_Chans-6 Num_Peri-16 Num_Events-6\n[ 0.816577] dma-pl330 121a0000.pdma: Loaded driver for PL330 DMAC-241330\n[ 0.816604] dma-pl330 121a0000.pdma: DBUFF-32x4bytes Num_Chans-8 Num_Peri-32 Num_Events-32\n[ 0.819303] dma-pl330 121b0000.pdma: Loaded driver for PL330 DMAC-241330\n[ 0.819331] dma-pl330 121b0000.pdma: DBUFF-32x4bytes Num_Chans-8 Num_Peri-32 Num_Events-32\n[ 0.820391] dma-pl330 108 .mdma: Loaded driver for PL330 DMAC-241330\n[ 0.820418] dma-pl330 108 .mdma: DBUFF-64x8bytes Num_Chans-8 Num_Peri-1 Num_Events-32\n[ 0.888333] Serial: 8250/16550 driver, 4 ports, IRQ sharing disabled\n[ 0.890569] 12c .serial: ttySAC0 at MMIO 0x12c (irq = 58, base_baud = 0) is a S3C6400/10\n[ 0.890971] 12c10000.serial: ttySAC1 at MMIO 0x12c10000 (irq = 59, base_baud = 0) is a S3C6400/10\n[ 0.891357] 12c20000.serial: ttySAC2 at MMIO 0x12c20000 (irq = 60, base_baud = 0) is a S3C6400/10\n[ 1.764821] console [ttySAC2] enabled\n[ 1.768787] 12c30000.serial: ttySAC3 at MMIO 0x12c30000 (irq = 61, base_baud = 0) is a S3C6400/10\n[ 1.779405] exynos-mixer 14450000.mixer: Linked as a consumer to 14650000.sysmmu\n[ 1.785437] iommu: Adding device 14450000.mixer to group 0\n[ 1.792509] exynos-hdmi 14530000.hdmi: Failed to get supply 'vdd': -517\n[ 1.798365] exynos-drm-g2d 10850000.g2d: Linked as a consumer to 10a60000.sysmmu\n[ 1.805156] exynos-drm-g2d 10850000.g2d: Linked as a consumer to 10a70000.sysmmu\n[ 1.812476] iommu: Adding device 10850000.g2d to group 1\n[ 1.818081] exynos-drm-g2d 10850000.g2d: The Exynos G2D (ver 4.1) successfully probed.\n[ 1.826631] exynos-rot 11c .rotator: Linked as a consumer to 11d40000.sysmmu\n[ 1.833007] iommu: Adding device 11c .rotator to group 2\n[ 1.838962] exynos-rot 11c .rotator: The exynos rotator is probed successfully\n[ 1.846867] exynos-drm-ipp exynos-drm-ipp: drm ipp registered successfully.\n[ 1.857314] mali 118 .mali: Continuing without Mali regulator control\n[ 1.863568] mali 118 .mali: GPU identified as 0x0620 r0p1 status 0\n[ 1.869672] mali 118 .mali: Protected mode not available\n[ 1.875228] devfreq devfreq0: Couldn't update frequency transition information.\n[ 1.882738] mali 118 .mali: Probed as mali0\n[ 1.896187] brd: module loaded\n[ 1.907645] loop: module loaded\n[ 1.910148] libphy: Fixed MDIO Bus: probed\n[ 1.913772] usbcore: registered new interface driver r8152\n[ 1.918943] usbcore: registered new interface driver cdc_ether\n[ 1.924729] usbcore: registered new interface driver cdc_subset\n[ 1.932648] ehci_hcd: USB 2.0 'Enhanced' Host Controller (EHCI) Driver\n[ 1.937747] ehci-exynos: EHCI EXYNOS driver\n[ 1.942231] exynos-ehci 12110000.usb: EHCI Host Controller\n[ 1.947384] exynos-ehci 12110000.usb: new USB bus registered, assigned bus number 1\n[ 1.955369] exynos-ehci 12110000.usb: irq 80, io mem 0x12110000\n[ 1.976069] exynos-ehci 12110000.usb: USB 2.0 started, EHCI 1.00\n[ 1.980903] usb usb1: New USB device found, idVendor=1d6b, idProduct=0002\n[ 1.987434] usb usb1: New USB device strings: Mfr=3, Product=2, SerialNumber=1\n[ 1.994593] usb usb1: Product: EHCI Host Controller\n[ 1.999440] usb usb1: Manufacturer: Linux 4.14.0-83 ehci_hcd\n[ 2.005073] usb usb1: SerialNumber: 12110000.usb\n[ 2.010240] hub 1-0:1.0: USB hub found\n[ 2.013431] hub 1-0:1.0: 3 ports detected\n[ 2.018315] ohci_hcd: USB 1.1 'Open' Host Controller (OHCI) Driver\n[ 2.023542] ohci-exynos: OHCI EXYNOS driver\n[ 2.027887] exynos-ohci 12120000.usb: USB Host Controller\n[ 2.033089] exynos-ohci 12120000.usb: new USB bus registered, assigned bus number 2\n[ 2.040813] exynos-ohci 12120000.usb: irq 80, io mem 0x12120000\n[ 2.108300] usb usb2: New USB device found, idVendor=1d6b, idProduct=0001\n[ 2.113650] usb usb2: New USB device strings: Mfr=3, Product=2, SerialNumber=1\n[ 2.121911] usb usb2: Product: USB Host Controller\n[ 2.125602] usb usb2: Manufacturer: Linux 4.14.0-83 ohci_hcd\n[ 2.131231] usb usb2: SerialNumber: 12120000.usb\n[ 2.136383] hub 2-0:1.0: USB hub found\n[ 2.139554] hub 2-0:1.0: 3 ports detected\n[ 2.145149] usbcore: registered new interface driver usb-storage\n[ 2.150389] mousedev: PS/2 mouse device common for all mice\n[ 2.156712] i2c /dev entries driver\n[ 2.174837] vdd_ldo9: Bringing 33 uV into 3 -3 uV\n[ 2.197574] vdd_sd: Bringing 33 uV into 28 -28 uV\n[ 2.220553] vdd_ldo30: Bringing 18 uV into 33 -33 uV\n[ 3.269902] s5m-rtc s2mps14-rtc: rtc core: registered s5m-rtc as rtc0\n[ 3.278106] IR NEC protocol handler initialized\n[ 3.281211] IR RC5(x/sz) protocol handler initialized\n[ 3.286225] IR RC6 protocol handler initialized\n[ 3.290730] IR JVC protocol handler initialized\n[ 3.295236] IR Sony protocol handler initialized\n[ 3.299828] IR SANYO protocol handler initialized\n[ 3.304508] IR Sharp protocol handler initialized\n[ 3.309187] IR MCE Keyboard/mouse protocol handler initialized\n[ 3.314993] IR XMP protocol handler initialized\n[ 3.320218] s5p-jpeg 11f50000.jpeg: Linked as a consumer to 11f10000.sysmmu\n[ 3.326492] iommu: Adding device 11f50000.jpeg to group 3\n[ 3.332219] s5p-jpeg 11f50000.jpeg: encoder device registered as /dev/video30\n[ 3.339093] s5p-jpeg 11f50000.jpeg: decoder device registered as /dev/video31\n[ 3.346024] s5p-jpeg 11f50000.jpeg: Samsung S5P JPEG codec\n[ 3.351685] s5p-jpeg 11f60000.jpeg: Linked as a consumer to 11f20000.sysmmu\n[ 3.358466] iommu: Adding device 11f60000.jpeg to group 4\n[ 3.364176] s5p-jpeg 11f60000.jpeg: encoder device registered as /dev/video32\n[ 3.371070] s5p-jpeg 11f60000.jpeg: decoder device registered as /dev/video33\n[ 3.377999] s5p-jpeg 11f60000.jpeg: Samsung S5P JPEG codec\n[ 3.384573] s5p-mfc 11 .codec: Linked as a consumer to 112 .sysmmu\n[ 3.390508] s5p-mfc 11 .codec: Linked as a consumer to 11210000.sysmmu\n[ 3.397377] iommu: Adding device 11 .codec to group 5\n[ 3.420898] s5p-mfc 11 .codec: preallocated 16 MiB buffer for the firmware and context buffers\n[ 3.428721] s5p-mfc 11 .codec: decoder registered as /dev/video10\n[ 3.435175] s5p-mfc 11 .codec: encoder registered as /dev/video11\n[ 3.442876] exynos-gsc 13e .video-scaler: Linked as a consumer to 13e80000.sysmmu\n[ 3.449351] iommu: Adding device 13e .video-scaler to group 6\n[ 3.456643] exynos-gsc 13e10000.video-scaler: Linked as a consumer to 13e90000.sysmmu\n[ 3.463214] iommu: Adding device 13e10000.video-scaler to group 7\n[ 3.493495] device-mapper: uevent: version 1.0.3\n[ 3.497024] device-mapper: ioctl: 4.37.0-ioctl (2017-09-20) initialised: dm-devel@redhat.com\n[ 3.519241] sdhci: Secure Digital Host Controller Interface driver\n[ 3.523966] sdhci: Copyright(c) Pierre Ossman\n[ 3.528498] Synopsys Designware Multimedia Card Interface Driver\n[ 3.534854] dwmmc_exynos 122 .mmc: IDMAC supports 32-bit address mode.\n[ 3.541209] dwmmc_exynos 122 .mmc: Using internal DMA controller.\n[ 3.547531] dwmmc_exynos 122 .mmc: Version ID is 250a\n[ 3.552922] dwmmc_exynos 122 .mmc: DW MMC controller at irq 83,64 bit host data width,64 deep fifo\n[ 3.562322] dwmmc_exynos 122 .mmc: allocated mmc-pwrseq\n[ 3.588492] mmc_host mmc0: Bus speed (slot 0) = 5 Hz (slot req 4 Hz, actual 396825HZ div = 63)\n[ 3.616578] dwmmc_exynos 12220000.mmc: IDMAC supports 32-bit address mode.\n[ 3.622036] dwmmc_exynos 12220000.mmc: Using internal DMA controller.\n[ 3.629428] dwmmc_exynos 12220000.mmc: Version ID is 250a\n[ 3.635815] dwmmc_exynos 12220000.mmc: DW MMC controller at irq 84,64 bit host data width,64 deep fifo\n[ 3.664490] mmc_host mmc1: Bus speed (slot 0) = 5 Hz (slot req 4 Hz, actual 396825HZ div = 63)\n[ 3.693543] s5p-secss 10830000.sss: s5p-sss driver registered\n[ 3.698033] hidraw: raw HID events driver (C) Jiri Kosina\n[ 3.703715] usbcore: registered new interface driver usbhid\n[ 3.708744] usbhid: USB HID core driver\n[ 3.720801] exynos-nocp: new NoC Probe device registered: 10ca1000.nocp\n[ 3.726120] exynos-nocp: new NoC Probe device registered: 10ca1400.nocp\n[ 3.732663] exynos-nocp: new NoC Probe device registered: 10ca1800.nocp\n[ 3.739632] exynos-nocp: new NoC Probe device registered: 10ca1c00.nocp\n[ 3.750470] drop_monitor: Initializing network drop monitor service\n[ 3.755388] NET: Registered protocol family 17\n[ 3.757327] mmc_host mmc1: Bus speed (slot 0) = 2 Hz (slot req 2 Hz, actual 2 HZ div = 0)\n[ 3.758517] mmc1: new ultra high speed SDR104 SDHC card at address 0007\n[ 3.759292] mmcblk1: mmc1:0007 SL32G 29.0 GiB\n[ 3.760571] mmcblk1: p1\n[ 3.783168] NET: Registered protocol family 15\n[ 3.787643] Key type dns_resolver registered\n[ 3.792291] Registering SWP/SWPB emulation handler\n[ 3.797043] registered taskstats version 1\n[ 3.806235] Key type encrypted registered\n[ 3.827403] OF: graph: no port node found in /soc/hdmi@14530000\n[ 3.832761] [drm] Exynos DRM: using 14450000.mixer device for DMA mapping operations\n[ 3.839722] exynos-drm exynos-drm: bound 14450000.mixer (ops 0xc0a66154)\n[ 3.846258] exynos-drm exynos-drm: bound 14530000.hdmi (ops 0xc0a667f4)\n[ 3.852836] [drm] Supports vblank timestamp caching Rev 2 (21.10.2013).\n[ 3.859418] [drm] No driver support for vblank timestamp query.\n[ 3.865422] [drm] Cannot find any crtc or sizes\n[ 3.870232] [drm] Initialized exynos 1.0.0 20110530 for exynos-drm on minor 0\n[ 3.877166] [drm] Cannot find any crtc or sizes\n[ 3.882863] xhci-hcd xhci-hcd.3.auto: xHCI Host Controller\n[ 3.886902] xhci-hcd xhci-hcd.3.auto: new USB bus registered, assigned bus number 3\n[ 3.894767] xhci-hcd xhci-hcd.3.auto: hcc params 0x0220f04c hci version 0x100 quirks 0x02010010\n[ 3.903214] xhci-hcd xhci-hcd.3.auto: irq 150, io mem 0x12\n[ 3.909296] usb usb3: New USB device found, idVendor=1d6b, idProduct=0002\n[ 3.915916] usb usb3: New USB device strings: Mfr=3, Product=2, SerialNumber=1\n[ 3.923111] usb usb3: Product: xHCI Host Controller\n[ 3.927960] usb usb3: Manufacturer: Linux 4.14.0-83 xhci-hcd\n[ 3.933591] usb usb3: SerialNumber: xhci-hcd.3.auto\n[ 3.938749] hub 3-0:1.0: USB hub found\n[ 3.940267] mmc_host mmc0: Bus speed (slot 0) = 2 Hz (slot req 2 Hz, actual 2 HZ div = 0)\n[ 3.941398] mmc_host mmc0: Bus speed (slot 0) = 5 Hz (slot req 52 Hz, actual 5 HZ div = 0)\n[ 3.942331] mmc_host mmc0: Bus speed (slot 0) = 2 Hz (slot req 2 Hz, actual 1 HZ div = 1)\n[ 3.942688] mmc0: new HS400 MMC card at address 0001\n[ 3.943480] mmcblk0: mmc0:0001 SDW16G 14.7 GiB\n[ 3.944087] mmcblk0boot0: mmc0:0001 SDW16G partition 1 4.00 MiB\n[ 3.944644] mmcblk0boot1: mmc0:0001 SDW16G partition 2 4.00 MiB\n[ 3.945196] mmcblk0rpmb: mmc0:0001 SDW16G partition 3 4.00 MiB\n[ 3.946169] mmcblk0: p1 p2\n[ 4.001639] hub 3-0:1.0: 1 port detected\n[ 4.005724] xhci-hcd xhci-hcd.3.auto: xHCI Host Controller\n[ 4.010984] xhci-hcd xhci-hcd.3.auto: new USB bus registered, assigned bus number 4\n[ 4.018659] usb usb4: We don't know the algorithms for LPM for this host, disabling LPM.\n[ 4.026758] usb usb4: New USB device found, idVendor=1d6b, idProduct=0003\n[ 4.033421] usb usb4: New USB device strings: Mfr=3, Product=2, SerialNumber=1\n[ 4.040612] usb usb4: Product: xHCI Host Controller\n[ 4.045463] usb usb4: Manufacturer: Linux 4.14.0-83 xhci-hcd\n[ 4.051099] usb usb4: SerialNumber: xhci-hcd.3.auto\n[ 4.056277] hub 4-0:1.0: USB hub found\n[ 4.059670] hub 4-0:1.0: 1 port detected\n[ 4.065693] xhci-hcd xhci-hcd.6.auto: xHCI Host Controller\n[ 4.069730] xhci-hcd xhci-hcd.6.auto: new USB bus registered, assigned bus number 5\n[ 4.077591] xhci-hcd xhci-hcd.6.auto: hcc params 0x0220f04c hci version 0x100 quirks 0x02010010\n[ 4.086046] xhci-hcd xhci-hcd.6.auto: irq 151, io mem 0x124\n[ 4.092135] usb usb5: New USB device found, idVendor=1d6b, idProduct=0002\n[ 4.098750] usb usb5: New USB device strings: Mfr=3, Product=2, SerialNumber=1\n[ 4.105941] usb usb5: Product: xHCI Host Controller\n[ 4.110794] usb usb5: Manufacturer: Linux 4.14.0-83 xhci-hcd\n[ 4.116424] usb usb5: SerialNumber: xhci-hcd.6.auto\n[ 4.121569] hub 5-0:1.0: USB hub found\n[ 4.125024] hub 5-0:1.0: 1 port detected\n[ 4.129095] xhci-hcd xhci-hcd.6.auto: xHCI Host Controller\n[ 4.134370] xhci-hcd xhci-hcd.6.auto: new USB bus registered, assigned bus number 6\n[ 4.142044] usb usb6: We don't know the algorithms for LPM for this host, disabling LPM.\n[ 4.150143] usb usb6: New USB device found, idVendor=1d6b, idProduct=0003\n[ 4.156808] usb usb6: New USB device strings: Mfr=3, Product=2, SerialNumber=1\n[ 4.164029] usb usb6: Product: xHCI Host Controller\n[ 4.168850] usb usb6: Manufacturer: Linux 4.14.0-83 xhci-hcd\n[ 4.174482] usb usb6: SerialNumber: xhci-hcd.6.auto\n[ 4.179626] hub 6-0:1.0: USB hub found\n[ 4.183082] hub 6-0:1.0: 1 port detected\n[ 4.187875] s3c-rtc 101e0000.rtc: rtc disabled, re-enabling\n[ 4.192572] rtc rtc1: invalid alarm value: 1900-1-1 0:0:0\n[ 4.197996] s3c-rtc 101e0000.rtc: rtc core: registered s3c as rtc1\n[ 4.205168] exynos-bus: new bus device registered: soc:bus_wcore ( 84000 KHz ~ 4 KHz)\n[ 4.212688] exynos-bus: new bus device registered: soc:bus_noc ( 67000 KHz ~ 1 KHz)\n[ 4.220654] exynos-bus: new bus device registered: soc:bus_fsys_apb (1 KHz ~ 2 KHz)\n[ 4.229058] exynos-bus: new bus device registered: soc:bus_fsys (1 KHz ~ 2 KHz)\n[ 4.237334] exynos-bus: new bus device registered: soc:bus_fsys2 ( 75000 KHz ~ 150000 KHz)\n[ 4.245628] exynos-bus: new bus device registered: soc:bus_mfc ( 96000 KHz ~ 333000 KHz)\n[ 4.253654] exynos-bus: new bus device registered: soc:bus_gen ( 89000 KHz ~ 267000 KHz)\n[ 4.261641] exynos-bus: new bus device registered: soc:bus_peri ( 67000 KHz ~ 67000 KHz)\n[ 4.269904] exynos-bus: new bus device registered: soc:bus_g2d ( 84000 KHz ~ 333000 KHz)\n[ 4.277918] exynos-bus: new bus device registered: soc:bus_g2d_acp ( 67000 KHz ~ 267000 KHz)\n[ 4.286325] exynos-bus: new bus device registered: soc:bus_jpeg ( 75000 KHz ~ 3 KHz)\n[ 4.294476] exynos-bus: new bus device registered: soc:bus_jpeg_apb ( 84000 KHz ~ 167000 KHz)\n[ 4.302893] exynos-bus: new bus device registered: soc:bus_disp1_fimd (120000 KHz ~ 2 KHz)\n[ 4.311599] exynos-bus: new bus device registered: soc:bus_disp1 (120000 KHz ~ 3 KHz)\n[ 4.319825] exynos-bus: new bus device registered: soc:bus_gscl_scaler (150000 KHz ~ 3 KHz)\n[ 4.328647] exynos-bus: new bus device registered: soc:bus_mscl ( 84000 KHz ~ 4 KHz)\n[ 4.336696] samsung-i2s 3830000.i2s: ASoC: Failed to create component debugfs directory\n[ 4.344351] samsung-i2s 3830000.i2s: ASoC: Failed to create component debugfs directory\n[ 4.352892] odroid-audio sound: multicodec <-> 3830000.i2s mapping ok\n[ 4.360569] input: gpio_keys as /devices/platform/gpio_keys/input/input0\n[ 4.367855] s5m-rtc s2mps14-rtc: setting system clock to 2000-01-01 00:00:10 UTC (946684810)\n[ 4.376455] ALSA device list:\n[ 4.377941] #0: Odroid-XU4\n[ 4.382301] Freeing unused kernel memory: 2048K\n[ 4.484096] usb 3-1: new high-speed USB device number 2 using xhci-hcd\n[ 4.689692] usb 3-1: New USB device found, idVendor=05e3, idProduct=0610\n[ 4.694943] usb 3-1: New USB device strings: Mfr=1, Product=2, SerialNumber=0\n[ 4.702038] usb 3-1: Product: USB2.0 Hub\n[ 4.705940] usb 3-1: Manufacturer: GenesysLogic\n[ 4.723151] hub 3-1:1.0: USB hub found\n[ 4.725917] hub 3-1:1.0: 2 ports detected\n[ 4.812271] usb 4-1: new SuperSpeed USB device number 2 using xhci-hcd\n[ 4.840113] usb 4-1: New USB device found, idVendor=05e3, idProduct=0616\n[ 4.845444] usb 4-1: New USB device strings: Mfr=1, Product=2, SerialNumber=0\n[ 4.852883] usb 4-1: Product: USB3.0 Hub\n[ 4.856623] usb 4-1: Manufacturer: GenesysLogic\n[ 4.867628] hub 4-1:1.0: USB hub found\n[ 4.870584] hub 4-1:1.0: 2 ports detected\n[ 5.160112] usb 4-1.1: new SuperSpeed USB device number 3 using xhci-hcd\n[ 5.185486] usb 4-1.1: New USB device found, idVendor=174c, idProduct=1153\n[ 5.190901] usb 4-1.1: New USB device strings: Mfr=2, Product=3, SerialNumber=1\n[ 5.198179] usb 4-1.1: Product: AS2115\n[ 5.201900] usb 4-1.1: Manufacturer: ASMedia\n[ 5.206145] usb 4-1.1: SerialNumber:\n[ 5.212192] usb-storage 4-1.1:1.0: USB Mass Storage device detected\n[ 5.218099] scsi host0: usb-storage 4-1.1:1.0\n[ 5.224143] usbcore: registered new interface driver uas\n[ 5.300108] usb 4-1.2: new SuperSpeed USB device number 4 using xhci-hcd\n[ 5.325387] usb 4-1.2: New USB device found, idVendor=174c, idProduct=1153\n[ 5.330835] usb 4-1.2: New USB device strings: Mfr=2, Product=3, SerialNumber=1\n[ 5.338082] usb 4-1.2: Product: AS2115\n[ 5.341803] usb 4-1.2: Manufacturer: ASMedia\n[ 5.346049] usb 4-1.2: SerialNumber:\n[ 5.348143] usb 6-1: new SuperSpeed USB device number 2 using xhci-hcd\n[ 5.358586] usb-storage 4-1.2:1.0: USB Mass Storage device detected\n[ 5.364575] scsi host1: usb-storage 4-1.2:1.0\n[ 5.369194] usb 6-1: New USB device found, idVendor=0bda, idProduct=8153\n[ 5.375199] usb 6-1: New USB device strings: Mfr=1, Product=2, SerialNumber=6\n[ 5.382287] usb 6-1: Product: USB 10/100/1000 LAN\n[ 5.386960] usb 6-1: Manufacturer: Realtek\n[ 5.391028] usb 6-1: SerialNumber: 1\n[ 5.566157] usb 6-1: reset SuperSpeed USB device number 2 using xhci-hcd\n[ 5.633147] r8152 6-1:1.0 eth0: v1.09.9\n[ 5.780116] raid6: int32x1 gen() 464 MB/s\n[ 5.848097] raid6: int32x1 xor() 363 MB/s\n[ 5.916090] raid6: int32x2 gen() 639 MB/s\n[ 5.984074] raid6: int32x2 xor() 390 MB/s\n[ 6.052059] raid6: int32x4 gen() 708 MB/s\n[ 6.120048] raid6: int32x4 xor() 405 MB/s\n[ 6.188081] raid6: int32x8 gen() 736 MB/s\n[ 6.236675] scsi 0:0:0:0: Direct-Access ASMT 2115 0 PQ: 0 ANSI: 6\n[ 6.243860] sd 0:0:0:0: Attached scsi generic sg0 type 0\n[ 6.246814] sd 0:0:0:0: [sda] Spinning up disk...\n[ 6.256055] raid6: int32x8 xor() 396 MB/s\n[ 6.324028] raid6: neonx1 gen() 1797 MB/s\n[ 6.392027] raid6: neonx1 xor() 2208 MB/s\n[ 6.396646] scsi 1:0:0:0: Direct-Access ASMT 2115 0 PQ: 0 ANSI: 6\n[ 6.403794] sd 1:0:0:0: Attached scsi generic sg1 type 0\n[ 6.406650] sd 1:0:0:0: [sdb] Spinning up disk...\n[ 6.460033] raid6: neonx2 gen() 2459 MB/s\n[ 6.528018] raid6: neonx2 xor() 3398 MB/s\n[ 6.596029] raid6: neonx4 gen() 3445 MB/s\n[ 6.664016] raid6: neonx4 xor() 2996 MB/s\n[ 6.732020] raid6: neonx8 gen() 3432 MB/s\n[ 6.800019] raid6: neonx8 xor() 3016 MB/s\n[ 6.802800] raid6: using algorithm neonx4 gen() 3445 MB/s\n[ 6.808197] raid6: .... xor() 2996 MB/s, rmw enabled\n[ 6.813136] raid6: using neon recovery algorithm\n[ 6.818266] xor: measuring software checksum speed\n[ 6.860026] arm4regs : 3163.000 MB/sec\n[ 6.900017] 8regs : 2663.000 MB/sec\n[ 6.940018] 32regs : 2602.000 MB/sec\n[ 6.980016] neon : 4279.000 MB/sec\n[ 6.982712] xor: using function: neon (4279.000 MB/sec)\n[ 6.988261] async_tx: api initialized (async)\n[ 7.088726] EXT4-fs (mmcblk0p2): mounted filesystem without journal. Opts: (null)\n[ 7.224423] systemd[1]: System time before build time, advancing clock.\n[ 7.254430] NET: Registered protocol family 10\n[ 7.258100] Segment Routing with IPv6\n[ 7.260082] .\n[ 7.274538] systemd[1]: systemd 229 running in system mode. (+PAM +AUDIT +SELINUX +IMA +APPARMOR +SMACK +SYSVINIT +UTMP +LIBCRYPTSETUP +GCRYPT +GNUTLS +ACL +XZ -LZ4 +SECCOMP +BLKID +ELFUTILS +KMOD -IDN)\n[ 7.292923] systemd[1]: Detected architecture arm.\n[ 7.313110] systemd[1]: Set hostname to <odroid>.\n[ 7.420062] .\n[ 7.493226] systemd[1]: Created slice User and Session Slice.\n[ 7.516240] systemd[1]: Started Forward Password Requests to Wall Directory Watch.\n[ 7.540215] systemd[1]: Started Dispatch Password Requests to Console Directory Watch.\n[ 7.564201] systemd[1]: Listening on Journal Socket (/dev/log).\n[ 7.584129] systemd[1]: Listening on udev Kernel Socket.\n[ 7.604140] systemd[1]: Listening on udev Control Socket.\n[ 7.624427] systemd[1]: Set up automount Arbitrary Executable File Formats File System Automount Point.\n[ 7.905488] EXT4-fs (mmcblk0p2): re-mounted. Opts: errors=remount-ro\n[ 8.284059] .\n[ 8.284291] ready\n[ 8.437350] sd 0:0:0:0: [sda] 1953525168 512-byte logical blocks: (1.00 TB/932 GiB)\n[ 8.437793] sd 0:0:0:0: [sda] Write Protect is off\n[ 8.437799] sd 0:0:0:0: [sda] Mode Sense: 43 00 00 00\n[ 8.438224] sd 0:0:0:0: [sda] Write cache: enabled, read cache: enabled, doesn't support DPO or FUA\n[ 8.444076] .\n[ 8.444263] ready\n[ 8.462428] sda: sda1\n[ 8.464277] sd 0:0:0:0: [sda] Attached SCSI disk\n[ 8.543396] systemd-journald[293]: Received request to flush runtime journal from PID 1\n[ 8.575966] sd 1:0:0:0: [sdb] 1953525168 512-byte logical blocks: (1.00 TB/932 GiB)\n[ 8.576513] sd 1:0:0:0: [sdb] Write Protect is off\n[ 8.576521] sd 1:0:0:0: [sdb] Mode Sense: 43 00 00 00\n[ 8.576957] sd 1:0:0:0: [sdb] Write cache: enabled, read cache: enabled, doesn't support DPO or FUA\n[ 8.606319] sdb: sdb1\n[ 8.608532] sd 1:0:0:0: [sdb] Attached SCSI disk\n[ 8.785032] random: crng init done\n[ 8.944446] md/raid1:md0: active with 2 out of 2 mirrors\n[ 8.944623] md0: detected capacity change from 0 to 1000069464064\n[ 8.953285] gpiomem-exynos 134 .gpiomem: Initialised: GPIO register area is 2\n[ 8.953489] gpiomem-exynos 134 .gpiomem: Initialised: Registers at 0x134\n[ 8.953497] gpiomem-exynos 134 .gpiomem: Initialised: Registers at 0x14010000\n[ 9.210090] FAT-fs (mmcblk0p1): Volume was not properly unmounted. Some data may be corrupt. Please run fsck.\n[ 9.420372] Unable to handle kernel NULL pointer dereference at virtual address 4\n[ 9.427021] pgd = eddf47c0\n[ 9.429714] [ 4] *pgd=6d35b003, *pmd=\n[ 9.446938] Unable to handle kernel NULL pointer dereference at virtual address 4\n[ 9.446942] pgd = eddc8c40\n[ 9.446945] [ 4] *pgd=6d578003, *pmd=\n[ 9.446960] Internal error: Oops: 206 [#1] PREEMPT SMP ARM\n[ 9.446965] Modules linked in: spi_s3c64xx exynos_gpiomem ipv6 raid10 raid456 async_raid6_recov async_memcpy async_pq async_xor async_tx xor xor_neon raid6_pq libcrc32c raid1 raid0 multipath linear md_mod uas\n[ 9.447028] CPU: 5 PID: 431 Comm: ata_id Not tainted 4.14.0-83 #1\n[ 9.447032] Hardware name: ODROID-XU4\n[ 9.447036] task: ee90f2c0 task.stack: ed358000\n[ 9.447048] PC is at bio_uncopy_user+0x90/0x100\n[ 9.447052] LR is at 0x4\n[ 9.447056] pc : [<c052df90>] lr : [< 4>] psr: 600c0113\n[ 9.447059] sp : ed359d88 ip : ed359d88 fp : edd432e0\n[ 9.447063] r10: c r9 : fffee442 r8 : edeb0a80\n[ 9.447067] r7 : r6 : edeb00c0 r5 : r4 : 00007c00\n[ 9.447071] r3 : ed73a800 r2 : r1 : r0 : edeb00c0\n[ 9.447077] Flags: nZCv IRQs on FIQs on Mode SVC_32 ISA ARM Segment user\n[ 9.447081] Control: 30c5387d Table: 6ddc8c40 DAC:\n[ 9.447085] Process ata_id (pid: 431, stack limit = 0xed358210)\n[ 9.447089] Stack: (0xed359d88 to 0xed35a000)\n[ 9.447094] 9d80: edd432e0 c037608c 1 c053bc0c edeb0a80\n[ 9.447099] 9da0: edeb00c0 edeb00c0 edeb00c0 c1002d00 c053bbe8 ed359e18 edd43200\n[ 9.447103] 9dc0: 16 c054f910 200 014000c0 ee410400 ed087300 c03d03e0 0800005d\n[ 9.447108] 9de0: 00020800 c03cfde4 ed359e24 c1003d48 ede44800 be9a35d0\n[ 9.447112] 9e00: edfc8000 0802005d ed359e18 be9a3610 c0550338 53 d\n[ 9.447116] 9e20: 0000200c 200 be9a3a00 be9a3c00 be9a3c10 00007530\n[ 9.447121] 9e40: 16000102 00080000 1 ecc8bd68 4\n[ 9.447125] 9e60: ed087300 41 ed358000 ed6fadb8 eddc8c50\n[ 9.447130] 9e80: 7d4c37f3 2 00002285 be9a35d0 0802005d ee410400 edc04800\n[ 9.447135] 9ea0: ed358000 c05504f0 be9a35d0 3 ed359f74 00002285 ee410400 be9a35d0\n[ 9.447138] 9ec0: 0802005d c06d9b64 ee410400 00002285 be9a35d0 0802005d c06d9af0 c0547ce4\n[ 9.447142] 9ee0: ed14d015 99 ed9d75d8 ed4f9fa8 101 2 3fa\n[ 9.447146] 9f00: be9a35d0 ed4f9fa8 ed087300 3 be9a35d0\n[ 9.447150] 9f20: ed358000 be9a3610 c03a6990 400 c03b2100\n[ 9.447154] 9f40: ed14d000 3 3 ed087300 ed14d000 ed087308 ed4f9fa8 20\n[ 9.447158] 9f60: c0392514 ed087300 3 ed087300 00002285\n[ 9.447161] 9f80: be9a35d0 ed358000 c03a70dc 3 1 00007530 36\n[ 9.447166] 9fa0: c02088a4 c02086e0 3 1 3 00002285 be9a35d0 d\n[ 9.447170] 9fc0: 3 1 00007530 36 be9a3ee3 be9a35d0 20 be9a3610\n[ 9.447174] 9fe0: 004c6f58 be9a358c 004c1de7 b6ea7da6 000f0030 3\n[ 9.447189] [<c052df90>] (bio_uncopy_user) from [<c053bbe8>] (blk_rq_unmap_user+0x24/0x64)\n[ 9.447200] [<c053bbe8>] (blk_rq_unmap_user) from [<c054f910>] (sg_io+0x268/0x3b8)\n[ 9.447207] [<c054f910>] (sg_io) from [<c0550338>] (scsi_cmd_ioctl+0x394/0x50c)\n[ 9.447214] [<c0550338>] (scsi_cmd_ioctl) from [<c05504f0>] (scsi_cmd_blk_ioctl+0x40/0x48)\n[ 9.447223] [<c05504f0>] (scsi_cmd_blk_ioctl) from [<c06d9b64>] (sd_ioctl+0x74/0x90)\n[ 9.447232] [<c06d9b64>] (sd_ioctl) from [<c0547ce4>] (blkdev_ioctl+0x5b4/0xb44)\n[ 9.447243] [<c0547ce4>] (blkdev_ioctl) from [<c03a6990>] (do_vfs_ioctl+0x9c/0x7b4)\n[ 9.447251] [<c03a6990>] (do_vfs_ioctl) from [<c03a70dc>] (SyS_ioctl+0x34/0x5c)\n[ 9.447262] [<c03a70dc>] (SyS_ioctl) from [<c02086e0>] (ret_fast_syscall+0x0/0x40)\n[ 9.447269] Code: ea 5 e287e004 e1d045b0 e1a0c00d (e8be000f)\n[ 9.447277] ---[ end trace d6f10b986d9272d7 ]---\n[ 9.841262] Internal error: Oops: 206 [#2] PREEMPT SMP ARM\n[ 9.841266] Modules linked in: spidev spi_s3c64xx exynos_gpiomem ipv6 raid10 raid456 async_raid6_recov async_memcpy async_pq async_xor async_tx xor xor_neon raid6_pq libcrc32c raid1 raid0 multipath linear md_mod uas\n[ 9.841422] CPU: 4 PID: 427 Comm: ata_id Tainted: G D 4.14.0-83 #1\n[ 9.841430] Hardware name: ODROID-XU4\n[ 9.841438] task: eeb057c0 task.stack: ed116000\n[ 9.841452] PC is at bio_uncopy_user+0x90/0x100\n[ 9.841461] LR is at 0x4\n[ 9.841470] pc : [<c052df90>] lr : [< 4>] psr: 600c0113\n[ 9.841478] sp : ed117d88 ip : ed117d88 fp : ed33dce0\n[ 9.841484] r10: c r9 : fffee43b r8 : edefac00\n[ 9.841492] r7 : r6 : edefac00 r5 : r4 :\n[ 9.841500] r3 : c27fd000 r2 : r1 : ed23ba96 r0 : edefac00\n[ 9.841510] Flags: nZCv IRQs on FIQs on Mode SVC_32 ISA ARM Segment user\n[ 9.841519] Control: 30c5387d Table: 6ddf47c0 DAC:\n[ 9.841527] Process ata_id (pid: 427, stack limit = 0xed116210)\n[ 9.841535] Stack: (0xed117d88 to 0xed118000)\n[ 9.841545] 7d80: 100 200 ed117db0 ed33dc00 c1002d00\n[ 9.841554] 7da0: edefac00 edefac00 16 c1002d00 c053bbe8 ed117e18 ed33dc00\n[ 9.841563] 7dc0: 16 c054f910 200 014000c0 ed9b5400 edefa480 c03d03e0 0800005d\n[ 9.841571] 7de0: 00020800 c03cfde4 ed117e24 c1003d48 ede42800 be8945d0\n[ 9.841580] 7e00: edfc85e0 0802005d ed117e18 be894610 c0550338 53 d\n[ 9.841589] 7e20: 0000200c 200 be894a00 be894c00 be894c10 00007530\n[ 9.841598] 7e40: 16000102 00080000 4 1 ed5b9d00 4\n[ 9.841607] 7e60: edefa480 41 ed116000 ed6fddb8 eddf47d0\n[ 9.841616] 7e80: 7d4c37f3 2 00002285 be8945d0 0802005d ed9b5400 edc06800\n[ 9.841625] 7ea0: ed116000 c05504f0 be8945d0 3 ed117f74 00002285 ed9b5400 be8945d0\n[ 9.841634] 7ec0: 0802005d c06d9b64 ed9b5400 00002285 be8945d0 0802005d c06d9af0 c0547ce4\n[ 9.841643] 7ee0: ed2b9015 99 ed9d75d8 ed78dab0 101 2 3fa\n[ 9.841651] 7f00: be8945d0 ed78dab0 edefa480 3 be8945d0\n[ 9.841662] 7f20: ed116000 be894610 c03a6990 400 c03b2100\n[ 9.841671] 7f40: ed2b9000 3 3 edefa480 ed2b9000 edefa488 ed78dab0 20\n[ 9.841679] 7f60: c0392514 edefa480 3 edefa480 00002285\n[ 9.841688] 7f80: be8945d0 ed116000 c03a70dc 3 1 00007530 36\n[ 9.841697] 7fa0: c02088a4 c02086e0 3 1 3 00002285 be8945d0 d\n[ 9.841706] 7fc0: 3 1 00007530 36 be894ee2 be8945d0 20 be894610\n[ 9.841715] 7fe0: 00410f58 be89458c 0040bde7 b6ea9da6 000f0030 3\n[ 9.841731] [<c052df90>] (bio_uncopy_user) from [<c053bbe8>] (blk_rq_unmap_user+0x24/0x64)\n[ 9.841745] [<c053bbe8>] (blk_rq_unmap_user) from [<c054f910>] (sg_io+0x268/0x3b8)\n[ 9.841756] [<c054f910>] (sg_io) from [<c0550338>] (scsi_cmd_ioctl+0x394/0x50c)\n[ 9.841767] [<c0550338>] (scsi_cmd_ioctl) from [<c05504f0>] (scsi_cmd_blk_ioctl+0x40/0x48)\n[ 9.841778] [<c05504f0>] (scsi_cmd_blk_ioctl) from [<c06d9b64>] (sd_ioctl+0x74/0x90)\n[ 9.841789] [<c06d9b64>] (sd_ioctl) from [<c0547ce4>] (blkdev_ioctl+0x5b4/0xb44)\n[ 9.841802] [<c0547ce4>] (blkdev_ioctl) from [<c03a6990>] (do_vfs_ioctl+0x9c/0x7b4)\n[ 9.841815] [<c03a6990>] (do_vfs_ioctl) from [<c03a70dc>] (SyS_ioctl+0x34/0x5c)\n[ 9.841827] [<c03a70dc>] (SyS_ioctl) from [<c02086e0>] (ret_fast_syscall+0x0/0x40)\n[ 9.841838] Code: ea 5 e287e004 e1d045b0 e1a0c00d (e8be000f)\n[ 9.841853] ---[ end trace d6f10b986d9272d8 ]---\n[ 10.597274] EXT4-fs (mmcblk1p1): mounted filesystem with ordered data mode. Opts: (null)\n[ 23.565039] EXT4-fs (md0): mounted filesystem with ordered data mode. Opts: (null)\n[ 24.767215] IPv6: ADDRCONF(NETDEV_UP): eth0: link is not ready\n[ 24.778990] IPv6: ADDRCONF(NETDEV_UP): eth0: link is not ready\n[ 24.811668] r8152 6-1:1.0 eth0: carrier on\n[ 24.814546] IPv6: ADDRCONF(NETDEV_CHANGE): eth0: link becomes ready\n[ 189.968484] VFS: Close: file count is 0\nthanks for your help!!", "highlightText": "", "highlightTitle": "", "language": "english", "external_links": [], "entities": {"persons": [], "organizations": [], "locations": []}, "rating": null, "crawled": "2017-12-07T12:06:14.006+02:00"}, {"thread": {"uuid": "bc758d2f3eee7c8edf7367cf4707925e36ea2f84", "url": "http://omgili.com/ri/_0JOtn.4SCoF5VTZjCccpVxqD8CQYo1p7RDiUsCiiZmJZJly5Qy.6NIUP_.1lQNB", "site_full": "boards.4chan.org", "site": "4chan.org", "site_section": "http://boards.4chan.org/int/", "site_categories": ["adult", "non_standard_content"], "section_title": "/int/ - International - 4chan", "title": "/lang/ - Language Learning General", "title_full": "/int/ - /lang/ - Language Learning General - International - 4chan", "published": "2017-12-07T03:09:00.000+02:00", "replies_count": 49, "participants_count": 2, "site_type": "discussions", "country": "US", "spam_score": 0.0, "main_image": "", "performance_score": 0, "domain_rank": 903, "social": {"facebook": {"likes": 0, "comments": 0, "shares": 0}, "gplus": {"shares": 0}, "pinterest": {"shares": 0}, "linkedin": {"shares": 0}, "stumbledupon": {"shares": 0}, "vk": {"shares": 0}}}, "uuid": "a68a0ec5b54ba71e34789ebccf6deb8ed6aa051a", "url": "http://omgili.com/ri/_0JOtn.4SCoF5VTZjCccpVxqD8CQYo1p7RDiUsCiiZmJZJly5Qy.6NzVoVh_hNqIFyTCVWZzmbI-", "ord_in_thread": 3, "author": "Anonymous", "published": "2017-12-07T03:13:00.000+02:00", "title": "", "text": ">>82704510\n>tfw she will never whisper sweet nothings in your ear in Turkish", "highlightText": "", "highlightTitle": "", "language": "english", "external_links": [], "entities": {"persons": [], "organizations": [], "locations": []}, "rating": null, "crawled": "2017-12-07T12:06:14.006+02:00"}, {"thread": {"uuid": "beb59aef4b3094a3643a80229626c74a58d49db9", "url": "http://omgili.com/ri/.wHSUbtEfZTK9tbdQ_2Ov5x0JjBZKZG1CW6MPn31sk0OhzDKdK3454t4lzwiybrCyGYuLC.DzG4-", "site_full": "forum.odroid.com", "site": "odroid.com", "site_section": "https://forum.odroid.com/viewforum.php?f=99", "site_categories": ["non_standard_content", "adult"], "section_title": "ODROID \u2022 View forum - Issues", "title": "Kernel 4.14 release for XU4/XU3/HC1/MC1", "title_full": "ODROID \u2022 View topic - Kernel 4.14 release for XU4/XU3/HC1/MC1", "published": "2017-11-02T04:53:00.000+02:00", "replies_count": 47, "participants_count": 20, "site_type": "discussions", "country": "KR", "spam_score": 0.0, "main_image": "", "performance_score": 0, "domain_rank": 70494, "social": {"facebook": {"likes": 0, "comments": 0, "shares": 0}, "gplus": {"shares": 0}, "pinterest": {"shares": 0}, "linkedin": {"shares": 0}, "stumbledupon": {"shares": 0}, "vk": {"shares": 0}}}, "uuid": "d9cae459c3692eb13a642b9df96aedfe069c4bbf", "url": "http://omgili.com/ri/.wHSUbtEfZTK9tbdQ_2Ov5x0JjBZKZG1CW6MPn31sk0OhzDKdK3454t4lzwiybrCLVQ3Elh2ZFhee2fVeyp9Mw--", "ord_in_thread": 23, "author": "anrp", "published": "2017-11-27T17:18:00.000+02:00", "title": "", "text": "OpenCL works too (headless):\nCode: Select all root@odroid:~# dpkg -l|grep fbdev\nii mali-fbdev 20170718-r12p0-20503ff-3 armhf fbdev Mali Drivers r5p1 for 5422 based products.\nroot@odroid:~# uname -a\nLinux odroid 4.14.0-83 #1 SMP PREEMPT Thu Nov 23 14:07:46 UTC 2017 armv7l armv7l armv7l GNU/Linux\nroot@odroid:~# clinfo\nNumber of platforms 1\n Platform Name ARM Platform\n Platform Vendor ARM\n Platform Version OpenCL 1.2 v1.r12p0-04rel0.03af15950392f3702b248717f4938b82\n Platform Profile FULL_PROFILE\n Platform Extensions cl_khr_global_int32_base_atomics cl_khr_global_int32_extended_atomics cl_khr_local_int32_base_atomics cl_khr_local_int32_extended_atomics cl_khr_byte_addressable_store cl_khr_3d_image_writes cl_khr_fp64 cl_khr_int64_base_atomics cl_khr_int64_extended_atomics cl_khr_fp16 cl_khr_gl_sharing cl_khr_icd cl_khr_egl_event cl_khr_egl_image cl_arm_core_id cl_arm_printf cl_arm_thread_limit_hint cl_arm_non_uniform_work_group_size cl_arm_import_memory\n Platform Extensions function suffix ARM\n Platform Name ARM Platform\nNumber of devices 2\n Device Name Mali-T628\n Device Vendor ARM\n Device Vendor ID 0x6200010\n Device Version OpenCL 1.2 v1.r12p0-04rel0.03af15950392f3702b248717f4938b82\n Driver Version 1.2\n Device OpenCL C Version OpenCL C 1.2 v1.r12p0-04rel0.03af15950392f3702b248717f4938b82\n Device Type GPU\n Device Profile FULL_PROFILE\n Max compute units 4\n Max clock frequency 600MHz\n Device Partition (core)\n Max number of sub-devices 0\n Supported partition types None\n Max work item dimensions 3\n Max work item sizes 256x256x256\n Max work group size 256\n Preferred work group size multiple 4\n Preferred / native vector sizes\n char 16 / 16\n short 8 / 8\n int 4 / 4\n long 2 / 2\n half 8 / 8 (cl_khr_fp16)\n float 4 / 4\n double 2 / 2 (cl_khr_fp64)\n Half-precision Floating-point support (cl_khr_fp16)\n Denormals Yes\n Infinity and NANs Yes\n Round to nearest Yes\n Round to zero Yes\n Round to infinity Yes\n IEEE754-2008 fused multiply-add Yes\n Support is emulated in software No\n Correctly-rounded divide and sqrt operations No\n Single-precision Floating-point support (core)\n Denormals Yes\n Infinity and NANs Yes\n Round to nearest Yes\n Round to zero Yes\n Round to infinity Yes\n IEEE754-2008 fused multiply-add Yes\n Support is emulated in software No\n Correctly-rounded divide and sqrt operations No\n Double-precision Floating-point support (cl_khr_fp64)\n Denormals Yes\n Infinity and NANs Yes\n Round to nearest Yes\n Round to zero Yes\n Round to infinity Yes\n IEEE754-2008 fused multiply-add Yes\n Support is emulated in software No\n Correctly-rounded divide and sqrt operations No\n Address bits 64, Little-Endian\n Global memory size 2088230912 (1.945GiB)\n Error Correction support No\n Max memory allocation 522057728 (497.9MiB)\n Unified memory for Host and Device Yes\n Minimum alignment for any data type 128 bytes\n Alignment of base address 1024 bits (128 bytes)\n Global Memory cache type Read/Write\n Global Memory cache size <printDeviceInfo:89: get CL_DEVICE_GLOBAL_MEM_CACHE_SIZE : error -30>\n Global Memory cache line 64 bytes\n Image support Yes\n Max number of samplers per kernel 16\n Max size for 1D images from buffer 65536 pixels\n Max 1D or 2D image array size 2048 images\n Max 2D image size 65536x65536 pixels\n Max 3D image size 65536x65536x65536 pixels\n Max number of read image args 128\n Max number of write image args 8\n Local memory type Global\n Local memory size 32768 (32KiB)\n Max constant buffer size 65536 (64KiB)\n Max number of constant args 8\n Max size of kernel argument 1024\n Queue properties\n Out-of-order execution Yes\n Profiling Yes\n Prefer user sync for interop No\n Profiling timer resolution 1000ns\n Execution capabilities\n Run OpenCL kernels Yes\n Run native kernels No\n printf() buffer size 1048576 (1024KiB)\n Built-in kernels\n Device Available Yes\n Compiler Available Yes\n Linker Available Yes\n Device Extensions cl_khr_global_int32_base_atomics cl_khr_global_int32_extended_atomics cl_khr_local_int32_base_atomics cl_khr_local_int32_extended_atomics cl_khr_byte_addressable_store cl_khr_3d_image_writes cl_khr_fp64 cl_khr_int64_base_atomics cl_khr_int64_extended_atomics cl_khr_fp16 cl_khr_gl_sharing cl_khr_icd cl_khr_egl_event cl_khr_egl_image cl_arm_core_id cl_arm_printf cl_arm_thread_limit_hint cl_arm_non_uniform_work_group_size cl_arm_import_memory\n Device Name Mali-T628\n Device Vendor ARM\n Device Vendor ID 0x6200010\n Device Version OpenCL 1.2 v1.r12p0-04rel0.03af15950392f3702b248717f4938b82\n Driver Version 1.2\n Device OpenCL C Version OpenCL C 1.2 v1.r12p0-04rel0.03af15950392f3702b248717f4938b82\n Device Type GPU\n Device Profile FULL_PROFILE\n Max compute units 2\n Max clock frequency 600MHz\n Device Partition (core)\n Max number of sub-devices 0\n Supported partition types None\n Max work item dimensions 3\n Max work item sizes 256x256x256\n Max work group size 256\n Preferred work group size multiple 4\n Preferred / native vector sizes\n char 16 / 16\n short 8 / 8\n int 4 / 4\n long 2 / 2\n half 8 / 8 (cl_khr_fp16)\n float 4 / 4\n double 2 / 2 (cl_khr_fp64)\n Half-precision Floating-point support (cl_khr_fp16)\n Denormals Yes\n Infinity and NANs Yes\n Round to nearest Yes\n Round to zero Yes\n Round to infinity Yes\n IEEE754-2008 fused multiply-add Yes\n Support is emulated in software No\n Correctly-rounded divide and sqrt operations No\n Single-precision Floating-point support (core)\n Denormals Yes\n Infinity and NANs Yes\n Round to nearest Yes\n Round to zero Yes\n Round to infinity Yes\n IEEE754-2008 fused multiply-add Yes\n Support is emulated in software No\n Correctly-rounded divide and sqrt operations No\n Double-precision Floating-point support (cl_khr_fp64)\n Denormals Yes\n Infinity and NANs Yes\n Round to nearest Yes\n Round to zero Yes\n Round to infinity Yes\n IEEE754-2008 fused multiply-add Yes\n Support is emulated in software No\n Correctly-rounded divide and sqrt operations No\n Address bits 64, Little-Endian\n Global memory size 2088230912 (1.945GiB)\n Error Correction support No\n Max memory allocation 522057728 (497.9MiB)\n Unified memory for Host and Device Yes\n Minimum alignment for any data type 128 bytes\n Alignment of base address 1024 bits (128 bytes)\n Global Memory cache type Read/Write\n Global Memory cache size <printDeviceInfo:89: get CL_DEVICE_GLOBAL_MEM_CACHE_SIZE : error -30>\n Global Memory cache line 64 bytes\n Image support Yes\n Max number of samplers per kernel 16\n Max size for 1D images from buffer 65536 pixels\n Max 1D or 2D image array size 2048 images\n Max 2D image size 65536x65536 pixels\n Max 3D image size 65536x65536x65536 pixels\n Max number of read image args 128\n Max number of write image args 8\n Local memory type Global\n Local memory size 32768 (32KiB)\n Max constant buffer size 65536 (64KiB)\n Max number of constant args 8\n Max size of kernel argument 1024\n Queue properties\n Out-of-order execution Yes\n Profiling Yes\n Prefer user sync for interop No\n Profiling timer resolution 1000ns\n Execution capabilities\n Run OpenCL kernels Yes\n Run native kernels No\n printf() buffer size 1048576 (1024KiB)\n Built-in kernels\n Device Available Yes\n Compiler Available Yes\n Linker Available Yes\n Device Extensions cl_khr_global_int32_base_atomics cl_khr_global_int32_extended_atomics cl_khr_local_int32_base_atomics cl_khr_local_int32_extended_atomics cl_khr_byte_addressable_store cl_khr_3d_image_writes cl_khr_fp64 cl_khr_int64_base_atomics cl_khr_int64_extended_atomics cl_khr_fp16 cl_khr_gl_sharing cl_khr_icd cl_khr_egl_event cl_khr_egl_image cl_arm_core_id cl_arm_printf cl_arm_thread_limit_hint cl_arm_non_uniform_work_group_size cl_arm_import_memory\nNULL platform behavior\n clGetPlatformInfo(NULL, CL_PLATFORM_NAME, ...) ARM Platform\n clGetDeviceIDs(NULL, CL_DEVICE_TYPE_ALL, ...) Success [ARM]\n clCreateContext(NULL, ...) [default] Success [ARM]\n clCreateContextFromType(NULL, CL_DEVICE_TYPE_CPU) No devices found in platform\n clCreateContextFromType(NULL, CL_DEVICE_TYPE_GPU) Success (2)\n Platform Name ARM Platform\n Device Name Mali-T628\n Device Name Mali-T628\n clCreateContextFromType(NULL, CL_DEVICE_TYPE_ACCELERATOR) No devices found in platform\n clCreateContextFromType(NULL, CL_DEVICE_TYPE_CUSTOM) No devices found in platform\n clCreateContextFromType(NULL, CL_DEVICE_TYPE_ALL) Success (2)\n Platform Name ARM Platform\n Device Name Mali-T628\n Device Name Mali-T628\nICD loader properties\n ICD loader Name OpenCL ICD Loader\n ICD loader Vendor OCL Icd free software\n ICD loader Version 2.2.8\n ICD loader Profile OpenCL 1.2\n NOTE: your OpenCL library declares to support OpenCL 1.2,\n but it seems to support up to OpenCL 2.1 too.\nroot@odroid:~# pyrit selftest\nPyrit 0.4.0 (C) 2008-2011 Lukas Lueg http://pyrit.googlecode.com\nThis code is distributed under the GNU General Public License v3+\nCores incorporated in the test:\n#1: 'OpenCL-Device 'Mali-T628''\n#2: 'OpenCL-Device 'Mali-T628''\n#3: 'CPU-Core (x86)'\n#4: 'CPU-Core (x86)'\n#5: 'CPU-Core (x86)'\n#6: 'CPU-Core (x86)'\n#7: 'CPU-Core (x86)'\n#8: 'CPU-Core (x86)'\nRunning selftest...\nAll results verified. Your installation seems OK\nroot@odroid:~# cat /etc/OpenCL/vendors/mali.icd\n/usr/lib/arm-linux-gnueabihf/mali-egl/libOpenCL.so", "highlightText": "", "highlightTitle": "", "language": "english", "external_links": [], "entities": {"persons": [], "organizations": [], "locations": []}, "rating": null, "crawled": "2017-12-07T12:06:14.006+02:00"}, {"thread": {"uuid": "beb59aef4b3094a3643a80229626c74a58d49db9", "url": "http://omgili.com/ri/.wHSUbtEfZTK9tbdQ_2Ov5x0JjBZKZG1CW6MPn31sk0OhzDKdK3454t4lzwiybrCyGYuLC.DzG4-", "site_full": "forum.odroid.com", "site": "odroid.com", "site_section": "https://forum.odroid.com/viewforum.php?f=99", "site_categories": ["non_standard_content", "adult"], "section_title": "ODROID \u2022 View forum - Issues", "title": "Kernel 4.14 release for XU4/XU3/HC1/MC1", "title_full": "ODROID \u2022 View topic - Kernel 4.14 release for XU4/XU3/HC1/MC1", "published": "2017-11-02T04:53:00.000+02:00", "replies_count": 47, "participants_count": 20, "site_type": "discussions", "country": "KR", "spam_score": 0.0, "main_image": "", "performance_score": 0, "domain_rank": 70494, "social": {"facebook": {"likes": 0, "comments": 0, "shares": 0}, "gplus": {"shares": 0}, "pinterest": {"shares": 0}, "linkedin": {"shares": 0}, "stumbledupon": {"shares": 0}, "vk": {"shares": 0}}}, "uuid": "49e8909c57123d1aa568ad634e86ccc1dcc334a5", "url": "http://omgili.com/ri/.wHSUbtEfZTK9tbdQ_2Ov5x0JjBZKZG1CW6MPn31sk0OhzDKdK3454t4lzwiybrCLVQ3Elh2ZFgiYJ9YKVaa3A--", "ord_in_thread": 32, "author": "devos", "published": "2017-11-29T16:31:00.000+02:00", "title": "", "text": "Great job! Waiting for the minimal image with Kernel 4.14.", "highlightText": "", "highlightTitle": "", "language": "english", "external_links": [], "entities": {"persons": [], "organizations": [], "locations": []}, "rating": null, "crawled": "2017-12-07T12:06:14.006+02:00"}, {"thread": {"uuid": "bc758d2f3eee7c8edf7367cf4707925e36ea2f84", "url": "http://omgili.com/ri/_0JOtn.4SCoF5VTZjCccpVxqD8CQYo1p7RDiUsCiiZmJZJly5Qy.6NIUP_.1lQNB", "site_full": "boards.4chan.org", "site": "4chan.org", "site_section": "http://boards.4chan.org/int/", "site_categories": ["adult", "non_standard_content"], "section_title": "/int/ - International - 4chan", "title": "/lang/ - Language Learning General", "title_full": "/int/ - /lang/ - Language Learning General - International - 4chan", "published": "2017-12-07T03:09:00.000+02:00", "replies_count": 49, "participants_count": 2, "site_type": "discussions", "country": "US", "spam_score": 0.0, "main_image": "", "performance_score": 0, "domain_rank": 903, "social": {"facebook": {"likes": 0, "comments": 0, "shares": 0}, "gplus": {"shares": 0}, "pinterest": {"shares": 0}, "linkedin": {"shares": 0}, "stumbledupon": {"shares": 0}, "vk": {"shares": 0}}}, "uuid": "ee86a4f0b75f8f4ad9e356f24fb9dba6e30e7cb5", "url": "http://omgili.com/ri/_0JOtn.4SCoF5VTZjCccpVxqD8CQYo1p7RDiUsCiiZmJZJly5Qy.6NzVoVh_hNqIcScRM7uCqG4-", "ord_in_thread": 18, "author": "Anonymous", "published": "2017-12-07T05:13:00.000+02:00", "title": "", "text": ">>82708044\nIs she a Nazi? I'd rather have a not Nazi Germanic mascot. Hitlerfus are stale", "highlightText": "", "highlightTitle": "", "language": "english", "external_links": [], "entities": {"persons": [], "organizations": [], "locations": []}, "rating": null, "crawled": "2017-12-07T12:06:14.007+02:00"}, {"thread": {"uuid": "beb59aef4b3094a3643a80229626c74a58d49db9", "url": "http://omgili.com/ri/.wHSUbtEfZTK9tbdQ_2Ov5x0JjBZKZG1CW6MPn31sk0OhzDKdK3454t4lzwiybrCyGYuLC.DzG4-", "site_full": "forum.odroid.com", "site": "odroid.com", "site_section": "https://forum.odroid.com/viewforum.php?f=99", "site_categories": ["non_standard_content", "adult"], "section_title": "ODROID \u2022 View forum - Issues", "title": "Kernel 4.14 release for XU4/XU3/HC1/MC1", "title_full": "ODROID \u2022 View topic - Kernel 4.14 release for XU4/XU3/HC1/MC1", "published": "2017-11-02T04:53:00.000+02:00", "replies_count": 47, "participants_count": 20, "site_type": "discussions", "country": "KR", "spam_score": 0.0, "main_image": "", "performance_score": 0, "domain_rank": 70494, "social": {"facebook": {"likes": 0, "comments": 0, "shares": 0}, "gplus": {"shares": 0}, "pinterest": {"shares": 0}, "linkedin": {"shares": 0}, "stumbledupon": {"shares": 0}, "vk": {"shares": 0}}}, "uuid": "336c558c7185e63395a36e4690ae4200450ea2a3", "url": "http://omgili.com/ri/.wHSUbtEfZTK9tbdQ_2Ov5x0JjBZKZG1CW6MPn31sk0OhzDKdK3454t4lzwiybrCLVQ3Elh2ZFjsXpxr.ZMP_g--", "ord_in_thread": 28, "author": "odroid", "published": "2017-11-28T06:06:00.000+02:00", "title": "", "text": "@tweekzilla\nPost the issue with kernel log in this sub-forum and let's try to find a root cause.\nviewforum.php?f=146", "highlightText": "", "highlightTitle": "", "language": "english", "external_links": [], "entities": {"persons": [], "organizations": [], "locations": []}, "rating": null, "crawled": "2017-12-07T12:06:14.007+02:00"}, {"thread": {"uuid": "beb59aef4b3094a3643a80229626c74a58d49db9", "url": "http://omgili.com/ri/.wHSUbtEfZTK9tbdQ_2Ov5x0JjBZKZG1CW6MPn31sk0OhzDKdK3454t4lzwiybrCyGYuLC.DzG4-", "site_full": "forum.odroid.com", "site": "odroid.com", "site_section": "https://forum.odroid.com/viewforum.php?f=99", "site_categories": ["non_standard_content", "adult"], "section_title": "ODROID \u2022 View forum - Issues", "title": "Kernel 4.14 release for XU4/XU3/HC1/MC1", "title_full": "ODROID \u2022 View topic - Kernel 4.14 release for XU4/XU3/HC1/MC1", "published": "2017-11-02T04:53:00.000+02:00", "replies_count": 47, "participants_count": 20, "site_type": "discussions", "country": "KR", "spam_score": 0.0, "main_image": "", "performance_score": 0, "domain_rank": 70494, "social": {"facebook": {"likes": 0, "comments": 0, "shares": 0}, "gplus": {"shares": 0}, "pinterest": {"shares": 0}, "linkedin": {"shares": 0}, "stumbledupon": {"shares": 0}, "vk": {"shares": 0}}}, "uuid": "1f606ee4cf421bf8bbca7fc6ffe359c318079680", "url": "http://omgili.com/ri/.wHSUbtEfZTK9tbdQ_2Ov5x0JjBZKZG1CW6MPn31sk0OhzDKdK3454t4lzwiybrCLVQ3Elh2ZFg7X6YzQupZoQ--", "ord_in_thread": 27, "author": "tweekzilla", "published": "2017-11-28T05:56:00.000+02:00", "title": "", "text": "I'm noticing an issue with memory running out - I have an application that uses 1.83G out of 1.95G that ran fine on the 4.9 kernel but now I'm getting Cannot allocate memory issue. Could this be anything to do the Hugepages being enabled?", "highlightText": "", "highlightTitle": "", "language": "english", "external_links": [], "entities": {"persons": [], "organizations": [], "locations": []}, "rating": null, "crawled": "2017-12-07T12:06:14.007+02:00"}, {"thread": {"uuid": "bc758d2f3eee7c8edf7367cf4707925e36ea2f84", "url": "http://omgili.com/ri/_0JOtn.4SCoF5VTZjCccpVxqD8CQYo1p7RDiUsCiiZmJZJly5Qy.6NIUP_.1lQNB", "site_full": "boards.4chan.org", "site": "4chan.org", "site_section": "http://boards.4chan.org/int/", "site_categories": ["adult", "non_standard_content"], "section_title": "/int/ - International - 4chan", "title": "/lang/ - Language Learning General", "title_full": "/int/ - /lang/ - Language Learning General - International - 4chan", "published": "2017-12-07T03:09:00.000+02:00", "replies_count": 49, "participants_count": 2, "site_type": "discussions", "country": "US", "spam_score": 0.0, "main_image": "", "performance_score": 0, "domain_rank": 903, "social": {"facebook": {"likes": 0, "comments": 0, "shares": 0}, "gplus": {"shares": 0}, "pinterest": {"shares": 0}, "linkedin": {"shares": 0}, "stumbledupon": {"shares": 0}, "vk": {"shares": 0}}}, "uuid": "dea90b26d8eccffa06470710f1009701290789dd", "url": "http://omgili.com/ri/_0JOtn.4SCoF5VTZjCccpVxqD8CQYo1p7RDiUsCiiZmJZJly5Qy.6NzVoVh_hNqI.XrjfAyQcGk-", "ord_in_thread": 11, "author": "Anonymous", "published": "2017-12-07T04:17:00.000+02:00", "title": "", "text": ">>82705400\n>Bogdan\nfun fact\nslavic name Bogdan and iraqi capital Bagdad mean exactly the same: gift of god", "highlightText": "", "highlightTitle": "", "language": "english", "external_links": [], "entities": {"persons": [], "organizations": [], "locations": []}, "rating": null, "crawled": "2017-12-07T12:06:14.008+02:00"}, {"thread": {"uuid": "beb59aef4b3094a3643a80229626c74a58d49db9", "url": "http://omgili.com/ri/.wHSUbtEfZTK9tbdQ_2Ov5x0JjBZKZG1CW6MPn31sk0OhzDKdK3454t4lzwiybrCyGYuLC.DzG4-", "site_full": "forum.odroid.com", "site": "odroid.com", "site_section": "https://forum.odroid.com/viewforum.php?f=99", "site_categories": ["non_standard_content", "adult"], "section_title": "ODROID \u2022 View forum - Issues", "title": "Kernel 4.14 release for XU4/XU3/HC1/MC1", "title_full": "ODROID \u2022 View topic - Kernel 4.14 release for XU4/XU3/HC1/MC1", "published": "2017-11-02T04:53:00.000+02:00", "replies_count": 47, "participants_count": 20, "site_type": "discussions", "country": "KR", "spam_score": 0.0, "main_image": "", "performance_score": 0, "domain_rank": 70494, "social": {"facebook": {"likes": 0, "comments": 0, "shares": 0}, "gplus": {"shares": 0}, "pinterest": {"shares": 0}, "linkedin": {"shares": 0}, "stumbledupon": {"shares": 0}, "vk": {"shares": 0}}}, "uuid": "b37963e7abbb1415b292925efe0f776883625a2e", "url": "http://omgili.com/ri/.wHSUbtEfZTK9tbdQ_2Ov5x0JjBZKZG1CW6MPn31sk0OhzDKdK3454t4lzwiybrCDbuLZ5o3kCkj30Y3dyzJUg--", "ord_in_thread": 46, "author": "odroid", "published": "2017-12-07T03:00:00.000+02:00", "title": "", "text": "Previous kernel packages had a couple of critical issues.\nToday's -91 update has no issue.\nCode: Select all odroid@odroid:~$ uname -a\nLinux odroid 4.14.4-91 #1 SMP PREEMPT Wed Dec 6 17:45:11 UTC 2017 armv7l armv7l armv7l GNU/Linux", "highlightText": "", "highlightTitle": "", "language": "english", "external_links": [], "entities": {"persons": [], "organizations": [], "locations": []}, "rating": null, "crawled": "2017-12-07T12:06:14.008+02:00"}, {"thread": {"uuid": "beb59aef4b3094a3643a80229626c74a58d49db9", "url": "http://omgili.com/ri/.wHSUbtEfZTK9tbdQ_2Ov5x0JjBZKZG1CW6MPn31sk0OhzDKdK3454t4lzwiybrCyGYuLC.DzG4-", "site_full": "forum.odroid.com", "site": "odroid.com", "site_section": "https://forum.odroid.com/viewforum.php?f=99", "site_categories": ["non_standard_content", "adult"], "section_title": "ODROID \u2022 View forum - Issues", "title": "Kernel 4.14 release for XU4/XU3/HC1/MC1", "title_full": "ODROID \u2022 View topic - Kernel 4.14 release for XU4/XU3/HC1/MC1", "published": "2017-11-02T04:53:00.000+02:00", "replies_count": 47, "participants_count": 20, "site_type": "discussions", "country": "KR", "spam_score": 0.0, "main_image": "", "performance_score": 0, "domain_rank": 70494, "social": {"facebook": {"likes": 0, "comments": 0, "shares": 0}, "gplus": {"shares": 0}, "pinterest": {"shares": 0}, "linkedin": {"shares": 0}, "stumbledupon": {"shares": 0}, "vk": {"shares": 0}}}, "uuid": "0d9a93d30082fffa398c95c497944a0f2269256e", "url": "http://omgili.com/ri/.wHSUbtEfZTK9tbdQ_2Ov5x0JjBZKZG1CW6MPn31sk0OhzDKdK3454t4lzwiybrCLVQ3Elh2ZFhpmplN0YLBrQ--", "ord_in_thread": 33, "author": "PigLover", "published": "2017-11-29T20:17:00.000+02:00", "title": "", "text": "Quote: : Great job! Waiting for the minimal image with Kernel 4.14.", "highlightText": "", "highlightTitle": "", "language": "english", "external_links": [], "entities": {"persons": [], "organizations": [], "locations": []}, "rating": null, "crawled": "2017-12-07T12:06:14.008+02:00"}, {"thread": {"uuid": "beb59aef4b3094a3643a80229626c74a58d49db9", "url": "http://omgili.com/ri/.wHSUbtEfZTK9tbdQ_2Ov5x0JjBZKZG1CW6MPn31sk0OhzDKdK3454t4lzwiybrCyGYuLC.DzG4-", "site_full": "forum.odroid.com", "site": "odroid.com", "site_section": "https://forum.odroid.com/viewforum.php?f=99", "site_categories": ["non_standard_content", "adult"], "section_title": "ODROID \u2022 View forum - Issues", "title": "Kernel 4.14 release for XU4/XU3/HC1/MC1", "title_full": "ODROID \u2022 View topic - Kernel 4.14 release for XU4/XU3/HC1/MC1", "published": "2017-11-02T04:53:00.000+02:00", "replies_count": 47, "participants_count": 20, "site_type": "discussions", "country": "KR", "spam_score": 0.0, "main_image": "", "performance_score": 0, "domain_rank": 70494, "social": {"facebook": {"likes": 0, "comments": 0, "shares": 0}, "gplus": {"shares": 0}, "pinterest": {"shares": 0}, "linkedin": {"shares": 0}, "stumbledupon": {"shares": 0}, "vk": {"shares": 0}}}, "uuid": "6d9492420f2cd6183ed4960171167e113479a827", "url": "http://omgili.com/ri/.wHSUbtEfZTK9tbdQ_2Ov5x0JjBZKZG1CW6MPn31sk0OhzDKdK3454t4lzwiybrCLVQ3Elh2ZFiVjr6m_wfIgA--", "ord_in_thread": 26, "author": "memeka", "published": "2017-11-28T03:40:00.000+02:00", "title": "", "text": "Quote: : @odroid,\nNice update. I could upgrade it from 4.9 flawlessly.\nChromium mali gpu acceleration is very neat. I could see smooth 720p videos on youtube site in window mode once I installed h264ify plugin.\nSmall and medium size video window is almost perfect.\nappreciate all the people who made this dream comes true. I couldn't expect any ARM board can run the mainline kernel with gpu and vpu acceleration in the same month when mr. Tovalds releases it.\n@memeka,\nI want to try the gpu acclerated gnome desktop instead of the boring mate or lxde.\nAre you going to release your amazing image as a x-mas gift?", "highlightText": "", "highlightTitle": "", "language": "english", "external_links": [], "entities": {"persons": [], "organizations": [], "locations": []}, "rating": null, "crawled": "2017-12-07T12:06:14.009+02:00"}, {"thread": {"uuid": "beb59aef4b3094a3643a80229626c74a58d49db9", "url": "http://omgili.com/ri/.wHSUbtEfZTK9tbdQ_2Ov5x0JjBZKZG1CW6MPn31sk0OhzDKdK3454t4lzwiybrCyGYuLC.DzG4-", "site_full": "forum.odroid.com", "site": "odroid.com", "site_section": "https://forum.odroid.com/viewforum.php?f=99", "site_categories": ["non_standard_content", "adult"], "section_title": "ODROID \u2022 View forum - Issues", "title": "Kernel 4.14 release for XU4/XU3/HC1/MC1", "title_full": "ODROID \u2022 View topic - Kernel 4.14 release for XU4/XU3/HC1/MC1", "published": "2017-11-02T04:53:00.000+02:00", "replies_count": 47, "participants_count": 20, "site_type": "discussions", "country": "KR", "spam_score": 0.0, "main_image": "", "performance_score": 0, "domain_rank": 70494, "social": {"facebook": {"likes": 0, "comments": 0, "shares": 0}, "gplus": {"shares": 0}, "pinterest": {"shares": 0}, "linkedin": {"shares": 0}, "stumbledupon": {"shares": 0}, "vk": {"shares": 0}}}, "uuid": "4a3da848faa98fe954e560202d1c18fa36faca02", "url": "http://omgili.com/ri/.wHSUbtEfZTK9tbdQ_2Ov5x0JjBZKZG1CW6MPn31sk0OhzDKdK3454t4lzwiybrCDbuLZ5o3kClbbwzSaKXTyA--", "ord_in_thread": 47, "author": "Technicavolous", "published": "2017-12-07T09:47:00.000+02:00", "title": "", "text": "Maybe I'm just getting an education on how things work, because I can repeatably break it - If I wait past an unattended upgrade, I don't break it ...\nI started over with a fresh 20171126 image dd'd to my 64gb emmc. Booted the XU4 with only monitor, keyboard and mouse attached. First boot came up to the login screen, sat back and waited, unit shut down in about 30 seconds. Waited about a minute, pressed the start button and unit booted. All good.\nThis time when it came up I logged in and started the Mate system monitor and a terminal window running top. I inserted the Odroid wifi stick and signed in to my wifi. Then I just waited a few moments ... net traffic came up to my full subscription speed and top showed _apt doing http? Downloaded about 98mb and then top showed numerous deb, apt, and then ... unattended upgrade??\nAfter all the processors calmed down and I didn't see any more apt or deb activity I rebooted again. Waited a few moments and did the apt-get update apt-get upgrade apt-get dist-upgrade and all seemed to go well, although it did complain 'hmmm' again when replacing the kernel but there were no other world is going to end messages. Rebooted again after everything was done and all seems fine.\nI think I was interrupting this unattended upgrade. My clue was when I was getting database locked complaints trying to apt-get upgrade. That's why this run I started the system monitor and top. Funny, it would let me do the update, but complained about upgrade having the database locked. It seems updating the source list while it is doing an upgrade screws things up. I can reproduce this fault by doing apt-get update during the unattended install.\nI used an Armbian build on my XU4 to dd this Mate image. They also had a major update and I noticed that it also did an unattended upgrade after the kernel upgrade. Is this part of the kernel itself?\nAll I know is if I interrupt this unattended upgrade I hose the install. I've done it a couple times just to make sure it was consistent. Bottom line is patience ...\n1st boot don't log in just wait for it to shut down, wait a moment to restart\n2nd boot or after network is detected allow time to download and run unattended upgrade\n3rd boot apt-get update upgrade dist-upgrade\n4th boot have fun\nRight now I appear to have a good running system.\n.", "highlightText": "", "highlightTitle": "", "language": "english", "external_links": [], "entities": {"persons": [], "organizations": [], "locations": []}, "rating": null, "crawled": "2017-12-07T12:06:14.009+02:00"}, {"thread": {"uuid": "beb59aef4b3094a3643a80229626c74a58d49db9", "url": "http://omgili.com/ri/.wHSUbtEfZTK9tbdQ_2Ov5x0JjBZKZG1CW6MPn31sk0OhzDKdK3454t4lzwiybrCyGYuLC.DzG4-", "site_full": "forum.odroid.com", "site": "odroid.com", "site_section": "https://forum.odroid.com/viewforum.php?f=99", "site_categories": ["non_standard_content", "adult"], "section_title": "ODROID \u2022 View forum - Issues", "title": "Kernel 4.14 release for XU4/XU3/HC1/MC1", "title_full": "ODROID \u2022 View topic - Kernel 4.14 release for XU4/XU3/HC1/MC1", "published": "2017-11-02T04:53:00.000+02:00", "replies_count": 47, "participants_count": 20, "site_type": "discussions", "country": "KR", "spam_score": 0.0, "main_image": "", "performance_score": 0, "domain_rank": 70494, "social": {"facebook": {"likes": 0, "comments": 0, "shares": 0}, "gplus": {"shares": 0}, "pinterest": {"shares": 0}, "linkedin": {"shares": 0}, "stumbledupon": {"shares": 0}, "vk": {"shares": 0}}}, "uuid": "757da3e553bae8c2b808ede402e261b7692f0003", "url": "http://omgili.com/ri/.wHSUbtEfZTK9tbdQ_2Ov5x0JjBZKZG1CW6MPn31sk0OhzDKdK3454t4lzwiybrCDbuLZ5o3kCkE7HeLZiY.1A--", "ord_in_thread": 38, "author": "Marcy82", "published": "2017-12-02T11:46:00.000+02:00", "title": "", "text": "Here is a boot without USB devices:\nCode: Select all [ 0. ] Booting Linux on physical CPU 0x100\n[ 0. ] Linux version 4.14.0-83 (root@1604_builder_armhf) (gcc version 4.9.4 (Ubuntu/Linaro 4.9.4-2ubuntu1~16.04)) #1 SMP PREEMPT Thu Nov 23 14:07:46 UTC 2017\n[ 0. ] CPU: ARMv7 Processor [410fc073] revision 3 (ARMv7), cr=30c5387d\n[ 0. ] CPU: div instructions available: patching division code\n[ 0. ] CPU: PIPT / VIPT nonaliasing data cache, VIPT aliasing instruction cache\n[ 0. ] OF: fdt: Machine model: Hardkernel Odroid XU4\n[ 0. ] Memory policy: Data cache writealloc\n[ 0. ] cma: Reserved 128 MiB at 0x b68\n[ 0. ] Samsung CPU ID: 0xe5422001\n[ 0. ] On node 0 totalpages: 518656\n[ 0. ] free_area_init_node: node 0, pgdat c1096080, node_mem_map eee25000\n[ 0. ] Normal zone: 1728 pages used for memmap\n[ 0. ] Normal zone: 0 pages reserved\n[ 0. ] Normal zone: 196608 pages, LIFO batch:31\n[ 0. ] HighMem zone: 322048 pages, LIFO batch:31\n[ 0. ] Running under secure firmware.\n[ 0. ] random: fast init done\n[ 0. ] percpu: Embedded 18 pages/cpu @eed5e000 s41356 r8192 d24180 u73728\n[ 0. ] pcpu-alloc: s41356 r8192 d24180 u73728 alloc=18*4096\n[ 0. ] pcpu-alloc: [0] 0 [0] 1 [0] 2 [0] 3 [0] 4 [0] 5 [0] 6 [0] 7\n[ 0. ] Built 1 zonelists, mobility grouping on. Total pages: 516928\n[ 0. ] Kernel command line: console=tty1 console=ttySAC2,115200n8 root=UUID=e139ce78-9841-40fe-8823-96a304a09859 rootwait ro fsck.repair=yes net.ifnames=0 HPD=true vout=hdmi usbhid.quirks=0x0eef:0x0005:0x0004 smsc95xx.macaddr=00:1e:06:61:7a:39 false governor=performance s5p_mfc.mem=16M\n[ 0. ] hdmi: using HDMI mode\n[ 0. ] PID hash table entries: 4096 (order: 2, 16384 bytes)\n[ 0. ] Dentry cache hash table entries: 131072 (order: 7, 524288 bytes)\n[ 0. ] Inode-cache hash table entries: 65536 (order: 6, 262144 bytes)\n[ 0. ] Memory: 1901680K/2074624K available (8192K kernel code, 684K rwdata, 2388K rodata, 2048K init, 331K bss, 41872K reserved, 131072K cma-reserved, 1157120K highmem)\n[ 0. ] Virtual kernel memory layout:\n vector : 0xffff0000 - 0xffff1000 ( 4 kB)\n fixmap : 0xffc - 0xfff (3072 kB)\n vmalloc : 0xf08 - 0xff8 ( 240 MB)\n lowmem : 0xc - 0xf ( 768 MB)\n pkmap : 0xbfe - 0xc ( 2 MB)\n modules : 0xbf - 0xbfe ( 14 MB)\n .text : 0xc0008000 - 0xc0a (10208 kB)\n .init : 0xc0e - 0xc1 (2048 kB)\n .data : 0xc1 - 0xc10ab330 ( 685 kB)\n .bss : 0xc10b34bc - 0xc110647c ( 332 kB)\n[ 0. ] SLUB: HWalign=64, Order=0-3, MinObjects=0, CPUs=8, Nodes=1\n[ 0. ] hperf_hmp: fast CPUs mask: F0\n[ 0. ] hperf_hmp: slow CPUs mask: F\n[ 0. ] Preemptible hierarchical RCU implementation.\n[ 0. ] Tasks RCU enabled.\n[ 0. ] NR_IRQS: 16, nr_irqs: 16, preallocated irqs: 16\n[ 0. ] GIC: Using split EOI/Deactivate mode\n[ 0. ] Switching to timer-based delay loop, resolution 41ns\n[ 0. ] clocksource: mct-frc: mask: 0x max_cycles: 0x , max_idle_ns: 79635851949 ns\n[ 0. 7] sched_clock: 32 bits at 24MHz, resolution 41ns, wraps every 89478484971ns\n[ 0.000030] genirq: irq_chip COMBINER did not update eff. affinity mask of irq 49\n[ 0.001594] Console: colour dummy device 80x30\n[ 0.002245] console [tty1] enabled\n[ 0.002286] Calibrating delay loop (skipped), value calculated using timer frequency.. 48.00 BogoMIPS (lpj=96000)\n[ 0.002326] pid_max: default: 32768 minimum: 301\n[ 0.002518] Mount-cache hash table entries: 2048 (order: 1, 8192 bytes)\n[ 0.002556] Mountpoint-cache hash table entries: 2048 (order: 1, 8192 bytes)\n[ 0.003412] CPU: Testing write buffer coherency: ok\n[ 0.004311] CPU0: thread -1, cpu 0, socket 1, mpidr 80000100\n[ 0.020036] Setting up static identity map for 0x402 - 0x40200060\n[ 0.020651] ARM CCI driver probed\n[ 0.020895] Exynos MCPM support installed\n[ 0.027988] Hierarchical SRCU implementation.\n[ 0.043987] smp: Bringing up secondary CPUs ...\n[ 0.072363] CPU1: thread -1, cpu 1, socket 1, mpidr 80000101\n[ 0.096325] CPU2: thread -1, cpu 2, socket 1, mpidr 80000102\n[ 0.124315] CPU3: thread -1, cpu 3, socket 1, mpidr 80000103\n[ 0.152363] CPU4: thread -1, cpu 0, socket 0, mpidr 8\n[ 0.172349] CPU5: thread -1, cpu 1, socket 0, mpidr 8 1\n[ 0.180632] CPU6: thread -1, cpu 2, socket 0, mpidr 8 2\n[ 0.188642] CPU7: thread -1, cpu 3, socket 0, mpidr 8 3\n[ 0.188794] smp: Brought up 1 node, 8 CPUs\n[ 0.188932] SMP: Total of 8 processors activated (384.00 BogoMIPS).\n[ 0.188954] CPU: All CPU(s) started in HYP mode.\n[ 0.188972] CPU: Virtualization extensions available.\n[ 0.190232] devtmpfs: initialized\n[ 0.207406] VFP support v0.3: implementor 41 architecture 4 part 30 variant f rev 0\n[ 0.207569] hperf_hmp: registered cpufreq transition notifier\n[ 0.207761] clocksource: jiffies: mask: 0x max_cycles: 0x , max_idle_ns: 76450417851 ns\n[ 0.207797] futex hash table entries: 2048 (order: 5, 131072 bytes)\n[ 0.210532] pinctrl core: initialized pinctrl subsystem\n[ 0.212552] NET: Registered protocol family 16\n[ 0.218454] DMA: preallocated 1024 KiB pool for atomic coherent allocations\n[ 0.224426] cpuidle: using governor menu\n[ 0.225273] hw-breakpoint: found 5 (+1 reserved) breakpoint and 4 watchpoint registers.\n[ 0.225300] hw-breakpoint: maximum watchpoint size is 8 bytes.\n[ 0.233817] exynos-audss-clk 3810000.audss-clock-controller: epll 180633609\n[ 0.257078] EXYNOS5420 PMU initialized\n[ 0.304949] HugeTLB registered 2.00 MiB page size, pre-allocated 0 pages\n[ 0.307299] SCSI subsystem initialized\n[ 0.307506] usbcore: registered new interface driver usbfs\n[ 0.307571] usbcore: registered new interface driver hub\n[ 0.307723] usbcore: registered new device driver usb\n[ 0.308204] i2c-gpio soc:i2c-hdmi: using pins 177 (SDA) and 178 (SCL)\n[ 0.308815] s3c-i2c 12c70000.i2c: slave address 0x00\n[ 0.308843] s3c-i2c 12c70000.i2c: bus frequency set to 378 KHz\n[ 0.309066] s3c-i2c 12c70000.i2c: i2c-1: S3C I2C adapter\n[ 0.309562] media: Linux media interface: v0.10\n[ 0.309612] Linux video capture interface: v2.00\n[ 0.309916] s3c2410-wdt 101d0000.watchdog: watchdog inactive, reset disabled, irq disabled\n[ 0.310740] Advanced Linux Sound Architecture Driver Initialized.\n[ 0.312028] clocksource: Switched to clocksource mct-frc\n[ 0.372273] VFS: Disk quotas dquot_6.6.0\n[ 0.372363] VFS: Dquot-cache hash table entries: 1024 (order 0, 4096 bytes)\n[ 0.386249] NET: Registered protocol family 2\n[ 0.386835] TCP established hash table entries: 8192 (order: 3, 32768 bytes)\n[ 0.386928] TCP bind hash table entries: 8192 (order: 4, 65536 bytes)\n[ 0.387096] TCP: Hash tables configured (established 8192 bind 8192)\n[ 0.387211] UDP hash table entries: 512 (order: 2, 16384 bytes)\n[ 0.387262] UDP-Lite hash table entries: 512 (order: 2, 16384 bytes)\n[ 0.387476] NET: Registered protocol family 1\n[ 0.388169] RPC: Registered named UNIX socket transport module.\n[ 0.388192] RPC: Registered udp transport module.\n[ 0.388210] RPC: Registered tcp transport module.\n[ 0.388227] RPC: Registered tcp NFSv4.1 backchannel transport module.\n[ 0.388423] Trying to unpack rootfs image as initramfs...\n[ 0.784069] Freeing initrd memory: 6536K\n[ 0.785610] hw perfevents: enabled with armv7_cortex_a7 PMU driver, 5 counters available\n[ 0.786660] hw perfevents: enabled with armv7_cortex_a15 PMU driver, 7 counters available\n[ 0.790158] audit: initializing netlink subsys (disabled)\n[ 0.790367] audit: type=2000 audit(0.788:1): state=initialized audit_enabled=0 res=1\n[ 0.791087] workingset: timestamp_bits=14 max_order=19 bucket_order=5\n[ 0.798616] squashfs: version 4.0 (2009/01/31) Phillip Lougher\n[ 0.799553] NFS: Registering the id_resolver key type\n[ 0.799589] Key type id_resolver registered\n[ 0.799608] Key type id_legacy registered\n[ 0.799636] nfs4filelayout_init: NFSv4 File Layout Driver Registering...\n[ 0.799692] romfs: ROMFS MTD (C) 2007 Red Hat, Inc.\n[ 0.803972] bounce: pool size: 64 pages\n[ 0.804089] Block layer SCSI generic (bsg) driver version 0.4 loaded (major 247)\n[ 0.804310] io scheduler noop registered\n[ 0.804332] io scheduler deadline registered\n[ 0.804592] io scheduler cfq registered (default)\n[ 0.804613] io scheduler mq-deadline registered\n[ 0.804632] io scheduler kyber registered\n[ 0.806686] samsung-usb2-phy 12130000.phy: 12130000.phy supply vbus not found, using dummy regulator\n[ 0.807661] exynos5_usb3drd_phy 121 .phy: 121 .phy supply vbus not found, using dummy regulator\n[ 0.807757] exynos5_usb3drd_phy 121 .phy: 121 .phy supply vbus-boost not found, using dummy regulator\n[ 0.808175] exynos5_usb3drd_phy 125 .phy: 125 .phy supply vbus not found, using dummy regulator\n[ 0.808259] exynos5_usb3drd_phy 125 .phy: 125 .phy supply vbus-boost not found, using dummy regulator\n[ 0.813346] dma-pl330 3880000.adma: Loaded driver for PL330 DMAC-241330\n[ 0.813376] dma-pl330 3880000.adma: DBUFF-4x8bytes Num_Chans-6 Num_Peri-16 Num_Events-6\n[ 0.816244] dma-pl330 121a0000.pdma: Loaded driver for PL330 DMAC-241330\n[ 0.816272] dma-pl330 121a0000.pdma: DBUFF-32x4bytes Num_Chans-8 Num_Peri-32 Num_Events-32\n[ 0.818975] dma-pl330 121b0000.pdma: Loaded driver for PL330 DMAC-241330\n[ 0.819003] dma-pl330 121b0000.pdma: DBUFF-32x4bytes Num_Chans-8 Num_Peri-32 Num_Events-32\n[ 0.819882] dma-pl330 108 .mdma: Loaded driver for PL330 DMAC-241330\n[ 0.819909] dma-pl330 108 .mdma: DBUFF-64x8bytes Num_Chans-8 Num_Peri-1 Num_Events-32\n[ 0.888242] Serial: 8250/16550 driver, 4 ports, IRQ sharing disabled\n[ 0.890466] 12c .serial: ttySAC0 at MMIO 0x12c (irq = 58, base_baud = 0) is a S3C6400/10\n[ 0.890871] 12c10000.serial: ttySAC1 at MMIO 0x12c10000 (irq = 59, base_baud = 0) is a S3C6400/10\n[ 0.891260] 12c20000.serial: ttySAC2 at MMIO 0x12c20000 (irq = 60, base_baud = 0) is a S3C6400/10\n[ 1.764718] console [ttySAC2] enabled\n[ 1.768694] 12c30000.serial: ttySAC3 at MMIO 0x12c30000 (irq = 61, base_baud = 0) is a S3C6400/10\n[ 1.779280] exynos-mixer 14450000.mixer: Linked as a consumer to 14650000.sysmmu\n[ 1.785311] iommu: Adding device 14450000.mixer to group 0\n[ 1.792384] exynos-hdmi 14530000.hdmi: Failed to get supply 'vdd': -517\n[ 1.798230] exynos-drm-g2d 10850000.g2d: Linked as a consumer to 10a60000.sysmmu\n[ 1.805028] exynos-drm-g2d 10850000.g2d: Linked as a consumer to 10a70000.sysmmu\n[ 1.812346] iommu: Adding device 10850000.g2d to group 1\n[ 1.817954] exynos-drm-g2d 10850000.g2d: The Exynos G2D (ver 4.1) successfully probed.\n[ 1.826496] exynos-rot 11c .rotator: Linked as a consumer to 11d40000.sysmmu\n[ 1.832882] iommu: Adding device 11c .rotator to group 2\n[ 1.838829] exynos-rot 11c .rotator: The exynos rotator is probed successfully\n[ 1.846776] exynos-drm-ipp exynos-drm-ipp: drm ipp registered successfully.\n[ 1.857205] mali 118 .mali: Continuing without Mali regulator control\n[ 1.863453] mali 118 .mali: GPU identified as 0x0620 r0p1 status 0\n[ 1.869566] mali 118 .mali: Protected mode not available\n[ 1.875115] devfreq devfreq0: Couldn't update frequency transition information.\n[ 1.882654] mali 118 .mali: Probed as mali0\n[ 1.896062] brd: module loaded\n[ 1.907482] loop: module loaded\n[ 1.909995] libphy: Fixed MDIO Bus: probed\n[ 1.913604] usbcore: registered new interface driver r8152\n[ 1.918782] usbcore: registered new interface driver cdc_ether\n[ 1.924565] usbcore: registered new interface driver cdc_subset\n[ 1.932488] ehci_hcd: USB 2.0 'Enhanced' Host Controller (EHCI) Driver\n[ 1.937583] ehci-exynos: EHCI EXYNOS driver\n[ 1.942068] exynos-ehci 12110000.usb: EHCI Host Controller\n[ 1.947212] exynos-ehci 12110000.usb: new USB bus registered, assigned bus number 1\n[ 1.955208] exynos-ehci 12110000.usb: irq 80, io mem 0x12110000\n[ 1.976080] exynos-ehci 12110000.usb: USB 2.0 started, EHCI 1.00\n[ 1.980924] usb usb1: New USB device found, idVendor=1d6b, idProduct=0002\n[ 1.987446] usb usb1: New USB device strings: Mfr=3, Product=2, SerialNumber=1\n[ 1.994603] usb usb1: Product: EHCI Host Controller\n[ 1.999449] usb usb1: Manufacturer: Linux 4.14.0-83 ehci_hcd\n[ 2.005083] usb usb1: SerialNumber: 12110000.usb\n[ 2.010267] hub 1-0:1.0: USB hub found\n[ 2.013441] hub 1-0:1.0: 3 ports detected\n[ 2.018321] ohci_hcd: USB 1.1 'Open' Host Controller (OHCI) Driver\n[ 2.023552] ohci-exynos: OHCI EXYNOS driver\n[ 2.027903] exynos-ohci 12120000.usb: USB Host Controller\n[ 2.033095] exynos-ohci 12120000.usb: new USB bus registered, assigned bus number 2\n[ 2.040819] exynos-ohci 12120000.usb: irq 80, io mem 0x12120000\n[ 2.108311] usb usb2: New USB device found, idVendor=1d6b, idProduct=0001\n[ 2.113660] usb usb2: New USB device strings: Mfr=3, Product=2, SerialNumber=1\n[ 2.121749] usb usb2: Product: USB Host Controller\n[ 2.125613] usb usb2: Manufacturer: Linux 4.14.0-83 ohci_hcd\n[ 2.131242] usb usb2: SerialNumber: 12120000.usb\n[ 2.136395] hub 2-0:1.0: USB hub found\n[ 2.139564] hub 2-0:1.0: 3 ports detected\n[ 2.145149] usbcore: registered new interface driver usb-storage\n[ 2.150388] mousedev: PS/2 mouse device common for all mice\n[ 2.156710] i2c /dev entries driver\n[ 2.174827] vdd_ldo9: Bringing 33 uV into 3 -3 uV\n[ 2.197454] vdd_sd: Bringing 33 uV into 28 -28 uV\n[ 2.220353] vdd_ldo30: Bringing 18 uV into 33 -33 uV\n[ 3.269595] s5m-rtc s2mps14-rtc: rtc core: registered s5m-rtc as rtc0\n[ 3.277799] IR NEC protocol handler initialized\n[ 3.280900] IR RC5(x/sz) protocol handler initialized\n[ 3.285914] IR RC6 protocol handler initialized\n[ 3.290419] IR JVC protocol handler initialized\n[ 3.294925] IR Sony protocol handler initialized\n[ 3.299518] IR SANYO protocol handler initialized\n[ 3.304198] IR Sharp protocol handler initialized\n[ 3.308876] IR MCE Keyboard/mouse protocol handler initialized\n[ 3.314683] IR XMP protocol handler initialized\n[ 3.319872] s5p-jpeg 11f50000.jpeg: Linked as a consumer to 11f10000.sysmmu\n[ 3.326180] iommu: Adding device 11f50000.jpeg to group 3\n[ 3.331875] s5p-jpeg 11f50000.jpeg: encoder device registered as /dev/video30\n[ 3.338778] s5p-jpeg 11f50000.jpeg: decoder device registered as /dev/video31\n[ 3.345714] s5p-jpeg 11f50000.jpeg: Samsung S5P JPEG codec\n[ 3.351372] s5p-jpeg 11f60000.jpeg: Linked as a consumer to 11f20000.sysmmu\n[ 3.358155] iommu: Adding device 11f60000.jpeg to group 4\n[ 3.363835] s5p-jpeg 11f60000.jpeg: encoder device registered as /dev/video32\n[ 3.370763] s5p-jpeg 11f60000.jpeg: decoder device registered as /dev/video33\n[ 3.377690] s5p-jpeg 11f60000.jpeg: Samsung S5P JPEG codec\n[ 3.384230] s5p-mfc 11 .codec: Linked as a consumer to 112 .sysmmu\n[ 3.390200] s5p-mfc 11 .codec: Linked as a consumer to 11210000.sysmmu\n[ 3.397067] iommu: Adding device 11 .codec to group 5\n[ 3.420606] s5p-mfc 11 .codec: preallocated 16 MiB buffer for the firmware and context buffers\n[ 3.428420] s5p-mfc 11 .codec: decoder registered as /dev/video10\n[ 3.434881] s5p-mfc 11 .codec: encoder registered as /dev/video11\n[ 3.442579] exynos-gsc 13e .video-scaler: Linked as a consumer to 13e80000.sysmmu\n[ 3.449059] iommu: Adding device 13e .video-scaler to group 6\n[ 3.456363] exynos-gsc 13e10000.video-scaler: Linked as a consumer to 13e90000.sysmmu\n[ 3.462922] iommu: Adding device 13e10000.video-scaler to group 7\n[ 3.493170] device-mapper: uevent: version 1.0.3\n[ 3.496711] device-mapper: ioctl: 4.37.0-ioctl (2017-09-20) initialised: dm-devel@redhat.com\n[ 3.518857] sdhci: Secure Digital Host Controller Interface driver\n[ 3.523586] sdhci: Copyright(c) Pierre Ossman\n[ 3.528136] Synopsys Designware Multimedia Card Interface Driver\n[ 3.534480] dwmmc_exynos 122 .mmc: IDMAC supports 32-bit address mode.\n[ 3.540828] dwmmc_exynos 122 .mmc: Using internal DMA controller.\n[ 3.547152] dwmmc_exynos 122 .mmc: Version ID is 250a\n[ 3.552542] dwmmc_exynos 122 .mmc: DW MMC controller at irq 83,64 bit host data width,64 deep fifo\n[ 3.561944] dwmmc_exynos 122 .mmc: allocated mmc-pwrseq\n[ 3.588506] mmc_host mmc0: Bus speed (slot 0) = 5 Hz (slot req 4 Hz, actual 396825HZ div = 63)\n[ 3.616595] dwmmc_exynos 12220000.mmc: IDMAC supports 32-bit address mode.\n[ 3.622053] dwmmc_exynos 12220000.mmc: Using internal DMA controller.\n[ 3.629448] dwmmc_exynos 12220000.mmc: Version ID is 250a\n[ 3.635835] dwmmc_exynos 12220000.mmc: DW MMC controller at irq 84,64 bit host data width,64 deep fifo\n[ 3.664502] mmc_host mmc1: Bus speed (slot 0) = 5 Hz (slot req 4 Hz, actual 396825HZ div = 63)\n[ 3.693552] s5p-secss 10830000.sss: s5p-sss driver registered\n[ 3.698042] hidraw: raw HID events driver (C) Jiri Kosina\n[ 3.703726] usbcore: registered new interface driver usbhid\n[ 3.708754] usbhid: USB HID core driver\n[ 3.720833] exynos-nocp: new NoC Probe device registered: 10ca1000.nocp\n[ 3.726136] exynos-nocp: new NoC Probe device registered: 10ca1400.nocp\n[ 3.732693] exynos-nocp: new NoC Probe device registered: 10ca1800.nocp\n[ 3.739665] exynos-nocp: new NoC Probe device registered: 10ca1c00.nocp\n[ 3.750519] drop_monitor: Initializing network drop monitor service\n[ 3.755435] NET: Registered protocol family 17\n[ 3.757334] mmc_host mmc1: Bus speed (slot 0) = 2 Hz (slot req 2 Hz, actual 2 HZ div = 0)\n[ 3.758526] mmc1: new ultra high speed SDR104 SDHC card at address 0007\n[ 3.759305] mmcblk1: mmc1:0007 SL32G 29.0 GiB\n[ 3.760538] mmcblk1: p1\n[ 3.783211] NET: Registered protocol family 15\n[ 3.787699] Key type dns_resolver registered\n[ 3.792335] Registering SWP/SWPB emulation handler\n[ 3.797094] registered taskstats version 1\n[ 3.806328] Key type encrypted registered\n[ 3.827490] OF: graph: no port node found in /soc/hdmi@14530000\n[ 3.832848] [drm] Exynos DRM: using 14450000.mixer device for DMA mapping operations\n[ 3.839813] exynos-drm exynos-drm: bound 14450000.mixer (ops 0xc0a66154)\n[ 3.846346] exynos-drm exynos-drm: bound 14530000.hdmi (ops 0xc0a667f4)\n[ 3.852952] [drm] Supports vblank timestamp caching Rev 2 (21.10.2013).\n[ 3.859519] [drm] No driver support for vblank timestamp query.\n[ 3.860213] mmc_host mmc0: Bus speed (slot 0) = 2 Hz (slot req 2 Hz, actual 2 HZ div = 0)\n[ 3.861534] mmc_host mmc0: Bus speed (slot 0) = 5 Hz (slot req 52 Hz, actual 5 HZ div = 0)\n[ 3.862513] mmc_host mmc0: Bus speed (slot 0) = 2 Hz (slot req 2 Hz, actual 1 HZ div = 1)\n[ 3.862994] mmc0: new HS400 MMC card at address 0001\n[ 3.863813] mmcblk0: mmc0:0001 SDW16G 14.7 GiB\n[ 3.864433] mmcblk0boot0: mmc0:0001 SDW16G partition 1 4.00 MiB\n[ 3.865002] mmcblk0boot1: mmc0:0001 SDW16G partition 2 4.00 MiB\n[ 3.865532] mmcblk0rpmb: mmc0:0001 SDW16G partition 3 4.00 MiB\n[ 3.866552] mmcblk0: p1 p2\n[ 3.924951] [drm] Cannot find any crtc or sizes\n[ 3.929758] [drm] Initialized exynos 1.0.0 20110530 for exynos-drm on minor 0\n[ 3.936708] [drm] Cannot find any crtc or sizes\n[ 3.942416] xhci-hcd xhci-hcd.3.auto: xHCI Host Controller\n[ 3.946453] xhci-hcd xhci-hcd.3.auto: new USB bus registered, assigned bus number 3\n[ 3.954316] xhci-hcd xhci-hcd.3.auto: hcc params 0x0220f04c hci version 0x100 quirks 0x02010010\n[ 3.962766] xhci-hcd xhci-hcd.3.auto: irq 150, io mem 0x12\n[ 3.968847] usb usb3: New USB device found, idVendor=1d6b, idProduct=0002\n[ 3.975469] usb usb3: New USB device strings: Mfr=3, Product=2, SerialNumber=1\n[ 3.982660] usb usb3: Product: xHCI Host Controller\n[ 3.987510] usb usb3: Manufacturer: Linux 4.14.0-83 xhci-hcd\n[ 3.993143] usb usb3: SerialNumber: xhci-hcd.3.auto\n[ 3.998303] hub 3-0:1.0: USB hub found\n[ 4.001744] hub 3-0:1.0: 1 port detected\n[ 4.005824] xhci-hcd xhci-hcd.3.auto: xHCI Host Controller\n[ 4.011086] xhci-hcd xhci-hcd.3.auto: new USB bus registered, assigned bus number 4\n[ 4.018776] usb usb4: We don't know the algorithms for LPM for this host, disabling LPM.\n[ 4.026866] usb usb4: New USB device found, idVendor=1d6b, idProduct=0003\n[ 4.033527] usb usb4: New USB device strings: Mfr=3, Product=2, SerialNumber=1\n[ 4.040718] usb usb4: Product: xHCI Host Controller\n[ 4.045568] usb usb4: Manufacturer: Linux 4.14.0-83 xhci-hcd\n[ 4.051201] usb usb4: SerialNumber: xhci-hcd.3.auto\n[ 4.056349] hub 4-0:1.0: USB hub found\n[ 4.059776] hub 4-0:1.0: 1 port detected\n[ 4.065732] xhci-hcd xhci-hcd.6.auto: xHCI Host Controller\n[ 4.069766] xhci-hcd xhci-hcd.6.auto: new USB bus registered, assigned bus number 5\n[ 4.077624] xhci-hcd xhci-hcd.6.auto: hcc params 0x0220f04c hci version 0x100 quirks 0x02010010\n[ 4.086079] xhci-hcd xhci-hcd.6.auto: irq 151, io mem 0x124\n[ 4.092147] usb usb5: New USB device found, idVendor=1d6b, idProduct=0002\n[ 4.098786] usb usb5: New USB device strings: Mfr=3, Product=2, SerialNumber=1\n[ 4.105977] usb usb5: Product: xHCI Host Controller\n[ 4.110829] usb usb5: Manufacturer: Linux 4.14.0-83 xhci-hcd\n[ 4.116461] usb usb5: SerialNumber: xhci-hcd.6.auto\n[ 4.121600] hub 5-0:1.0: USB hub found\n[ 4.125061] hub 5-0:1.0: 1 port detected\n[ 4.129130] xhci-hcd xhci-hcd.6.auto: xHCI Host Controller\n[ 4.134407] xhci-hcd xhci-hcd.6.auto: new USB bus registered, assigned bus number 6\n[ 4.142081] usb usb6: We don't know the algorithms for LPM for this host, disabling LPM.\n[ 4.150178] usb usb6: New USB device found, idVendor=1d6b, idProduct=0003\n[ 4.156844] usb usb6: New USB device strings: Mfr=3, Product=2, SerialNumber=1\n[ 4.164037] usb usb6: Product: xHCI Host Controller\n[ 4.168886] usb usb6: Manufacturer: Linux 4.14.0-83 xhci-hcd\n[ 4.174516] usb usb6: SerialNumber: xhci-hcd.6.auto\n[ 4.179665] hub 6-0:1.0: USB hub found\n[ 4.183122] hub 6-0:1.0: 1 port detected\n[ 4.187921] s3c-rtc 101e0000.rtc: rtc disabled, re-enabling\n[ 4.192609] rtc rtc1: invalid alarm value: 1900-1-1 0:0:0\n[ 4.198032] s3c-rtc 101e0000.rtc: rtc core: registered s3c as rtc1\n[ 4.205204] exynos-bus: new bus device registered: soc:bus_wcore ( 84000 KHz ~ 4 KHz)\n[ 4.212715] exynos-bus: new bus device registered: soc:bus_noc ( 67000 KHz ~ 1 KHz)\n[ 4.220693] exynos-bus: new bus device registered: soc:bus_fsys_apb (1 KHz ~ 2 KHz)\n[ 4.229096] exynos-bus: new bus device registered: soc:bus_fsys (1 KHz ~ 2 KHz)\n[ 4.237364] exynos-bus: new bus device registered: soc:bus_fsys2 ( 75000 KHz ~ 150000 KHz)\n[ 4.245669] exynos-bus: new bus device registered: soc:bus_mfc ( 96000 KHz ~ 333000 KHz)\n[ 4.253685] exynos-bus: new bus device registered: soc:bus_gen ( 89000 KHz ~ 267000 KHz)\n[ 4.261678] exynos-bus: new bus device registered: soc:bus_peri ( 67000 KHz ~ 67000 KHz)\n[ 4.269936] exynos-bus: new bus device registered: soc:bus_g2d ( 84000 KHz ~ 333000 KHz)\n[ 4.277953] exynos-bus: new bus device registered: soc:bus_g2d_acp ( 67000 KHz ~ 267000 KHz)\n[ 4.286372] exynos-bus: new bus device registered: soc:bus_jpeg ( 75000 KHz ~ 3 KHz)\n[ 4.294507] exynos-bus: new bus device registered: soc:bus_jpeg_apb ( 84000 KHz ~ 167000 KHz)\n[ 4.302929] exynos-bus: new bus device registered: soc:bus_disp1_fimd (120000 KHz ~ 2 KHz)\n[ 4.311628] exynos-bus: new bus device registered: soc:bus_disp1 (120000 KHz ~ 3 KHz)\n[ 4.319857] exynos-bus: new bus device registered: soc:bus_gscl_scaler (150000 KHz ~ 3 KHz)\n[ 4.328688] exynos-bus: new bus device registered: soc:bus_mscl ( 84000 KHz ~ 4 KHz)\n[ 4.336726] samsung-i2s 3830000.i2s: ASoC: Failed to create component debugfs directory\n[ 4.344394] samsung-i2s 3830000.i2s: ASoC: Failed to create component debugfs directory\n[ 4.352934] odroid-audio sound: multicodec <-> 3830000.i2s mapping ok\n[ 4.360617] input: gpio_keys as /devices/platform/gpio_keys/input/input0\n[ 4.367916] s5m-rtc s2mps14-rtc: setting system clock to 2000-01-01 00:00:10 UTC (946684810)\n[ 4.376500] ALSA device list:\n[ 4.377985] #0: Odroid-XU4\n[ 4.382328] Freeing unused kernel memory: 2048K\n[ 4.488116] usb 3-1: new high-speed USB device number 2 using xhci-hcd\n[ 4.644796] usb 3-1: New USB device found, idVendor=05e3, idProduct=0610\n[ 4.650049] usb 3-1: New USB device strings: Mfr=1, Product=2, SerialNumber=0\n[ 4.657153] usb 3-1: Product: USB2.0 Hub\n[ 4.661041] usb 3-1: Manufacturer: GenesysLogic\n[ 4.691274] hub 3-1:1.0: USB hub found\n[ 4.694022] hub 3-1:1.0: 2 ports detected\n[ 4.768267] usb 4-1: new SuperSpeed USB device number 2 using xhci-hcd\n[ 4.795066] usb 4-1: New USB device found, idVendor=05e3, idProduct=0616\n[ 4.800343] usb 4-1: New USB device strings: Mfr=1, Product=2, SerialNumber=0\n[ 4.807534] usb 4-1: Product: USB3.0 Hub\n[ 4.811446] usb 4-1: Manufacturer: GenesysLogic\n[ 4.819740] hub 4-1:1.0: USB hub found\n[ 4.822471] hub 4-1:1.0: 2 ports detected\n[ 5.348161] usb 6-1: new SuperSpeed USB device number 2 using xhci-hcd\n[ 5.373129] usb 6-1: New USB device found, idVendor=0bda, idProduct=8153\n[ 5.378392] usb 6-1: New USB device strings: Mfr=1, Product=2, SerialNumber=6\n[ 5.385490] usb 6-1: Product: USB 10/100/1000 LAN\n[ 5.390167] usb 6-1: Manufacturer: Realtek\n[ 5.394236] usb 6-1: SerialNumber: 1\n[ 5.566197] usb 6-1: reset SuperSpeed USB device number 2 using xhci-hcd\n[ 5.633172] r8152 6-1:1.0 eth0: v1.09.9\n[ 5.784123] raid6: int32x1 gen() 467 MB/s\n[ 5.852106] raid6: int32x1 xor() 361 MB/s\n[ 5.920034] raid6: int32x2 gen() 625 MB/s\n[ 5.988065] raid6: int32x2 xor() 391 MB/s\n[ 6.056040] raid6: int32x4 gen() 710 MB/s\n[ 6.124056] raid6: int32x4 xor() 403 MB/s\n[ 6.192100] raid6: int32x8 gen() 742 MB/s\n[ 6.260056] raid6: int32x8 xor() 399 MB/s\n[ 6.328080] raid6: neonx1 gen() 1841 MB/s\n[ 6.396028] raid6: neonx1 xor() 1940 MB/s\n[ 6.464046] raid6: neonx2 gen() 2566 MB/s\n[ 6.532036] raid6: neonx2 xor() 3263 MB/s\n[ 6.600040] raid6: neonx4 gen() 3441 MB/s\n[ 6.668035] raid6: neonx4 xor() 2919 MB/s\n[ 6.736036] raid6: neonx8 gen() 3441 MB/s\n[ 6.804029] raid6: neonx8 xor() 3039 MB/s\n[ 6.806815] raid6: using algorithm neonx4 gen() 3441 MB/s\n[ 6.812212] raid6: .... xor() 2919 MB/s, rmw enabled\n[ 6.817150] raid6: using neon recovery algorithm\n[ 6.822208] xor: measuring software checksum speed\n[ 6.864037] arm4regs : 3171.000 MB/sec\n[ 6.904028] 8regs : 2664.000 MB/sec\n[ 6.944028] 32regs : 2602.000 MB/sec\n[ 6.984029] neon : 4280.000 MB/sec\n[ 6.986726] xor: using function: neon (4280.000 MB/sec)\n[ 6.992264] async_tx: api initialized (async)\n[ 7.094321] EXT4-fs (mmcblk0p2): mounted filesystem without journal. Opts: (null)\n[ 7.229957] systemd[1]: System time before build time, advancing clock.\n[ 7.259921] NET: Registered protocol family 10\n[ 7.263657] Segment Routing with IPv6\n[ 7.279409] systemd[1]: systemd 229 running in system mode. (+PAM +AUDIT +SELINUX +IMA +APPARMOR +SMACK +SYSVINIT +UTMP +LIBCRYPTSETUP +GCRYPT +GNUTLS +ACL +XZ -LZ4 +SECCOMP +BLKID +ELFUTILS +KMOD -IDN)\n[ 7.296266] systemd[1]: Detected architecture arm.\n[ 7.317126] systemd[1]: Set hostname to <odroid>.\n[ 7.496466] systemd[1]: Listening on Journal Audit Socket.\n[ 7.520135] systemd[1]: Reached target Swap.\n[ 7.536105] systemd[1]: syslog.socket: Socket service syslog.service not loaded, refusing.\n[ 7.542923] systemd[1]: Failed to listen on Syslog Socket.\n[ 7.580168] systemd[1]: Listening on /dev/initctl Compatibility Named Pipe.\n[ 7.604359] systemd[1]: Created slice User and 